07-20 00:50:36.817 14662 14701 I ReactNativeJS: 'sent data : ', { username: '715dcf354950f718648c67f6e8017d1395d1ca92e270cc4ecca32b43191b726f',
07-20 00:50:36.817 14662 14701 I ReactNativeJS:   password: '8d969eef6ecad3c29a3a629280e686cf0c3f5d5a86aff3ca12020c923adc6c92' }
07-20 00:50:37.273   653  2388 W ServiceManagerCppClient: Waited one second for android.hardware.uwb.IUwb/default (is service started? Number of threads started in the threadpool: 32. Are binder threads started and available?)
07-20 00:50:37.278   166 14966 W libc    : Unable to set property "ctl.interface_start" to "aidl/android.hardware.uwb.IUwb/default": PROP_ERROR_HANDLE_CONTROL_MESSAGE (0x20)
07-20 00:50:37.476   653  1707 W ServiceManagerCppClient: Waited one second for android.hardware.uwb.IUwb/default (is service started? Number of threads started in the threadpool: 32. Are binder threads started and available?)
07-20 00:50:37.484   166 14967 W libc    : Unable to set property "ctl.interface_start" to "aidl/android.hardware.uwb.IUwb/default": PROP_ERROR_HANDLE_CONTROL_MESSAGE (0x20)
07-20 00:50:38.276   653  2388 W ServiceManagerCppClient: Waited one second for android.hardware.uwb.IUwb/default (is service started? Number of threads started in the threadpool: 32. Are binder threads started and available?)
07-20 00:50:38.282   166 14968 W libc    : Unable to set property "ctl.interface_start" to "aidl/android.hardware.uwb.IUwb/default": PROP_ERROR_HANDLE_CONTROL_MESSAGE (0x20)
07-20 00:50:38.483   653  1707 W ServiceManagerCppClient: Waited one second for android.hardware.uwb.IUwb/default (is service started? Number of threads started in the threadpool: 32. Are binder threads started and available?)
07-20 00:50:38.498   166 14969 W libc    : Unable to set property "ctl.interface_start" to "aidl/android.hardware.uwb.IUwb/default": PROP_ERROR_HANDLE_CONTROL_MESSAGE (0x20)
07-20 00:50:39.281   653  2388 W ServiceManagerCppClient: Waited one second for android.hardware.uwb.IUwb/default (is service started? Number of threads started in the threadpool: 32. Are binder threads started and available?)
07-20 00:50:39.289   166 14970 W libc    : Unable to set property "ctl.interface_start" to "aidl/android.hardware.uwb.IUwb/default": PROP_ERROR_HANDLE_CONTROL_MESSAGE (0x20)
07-20 00:50:39.498   653  1707 W ServiceManagerCppClient: Waited one second for android.hardware.uwb.IUwb/default (is service started? Number of threads started in the threadpool: 32. Are binder threads started and available?)
07-20 00:50:39.511   166 14971 W libc    : Unable to set property "ctl.interface_start" to "aidl/android.hardware.uwb.IUwb/default": PROP_ERROR_HANDLE_CONTROL_MESSAGE (0x20)
07-20 00:50:40.289   653  2388 W ServiceManagerCppClient: Waited one second for android.hardware.uwb.IUwb/default (is service started? Number of threads started in the threadpool: 32. Are binder threads started and available?)
07-20 00:50:40.299   166 14972 W libc    : Unable to set property "ctl.interface_start" to "aidl/android.hardware.uwb.IUwb/default": PROP_ERROR_HANDLE_CONTROL_MESSAGE (0x20)
07-20 00:50:40.511   653  1707 W ServiceManagerCppClient: Waited one second for android.hardware.uwb.IUwb/default (is service started? Number of threads started in the threadpool: 32. Are binder threads started and available?)
07-20 00:50:40.523   166 14973 W libc    : Unable to set property "ctl.interface_start" to "aidl/android.hardware.uwb.IUwb/default": PROP_ERROR_HANDLE_CONTROL_MESSAGE (0x20)
07-20 00:50:41.299   653  2388 W ServiceManagerCppClient: Waited one second for android.hardware.uwb.IUwb/default (is service started? Number of threads started in the threadpool: 32. Are binder threads started and available?)
07-20 00:50:41.307   166 14974 W libc    : Unable to set property "ctl.interface_start" to "aidl/android.hardware.uwb.IUwb/default": PROP_ERROR_HANDLE_CONTROL_MESSAGE (0x20)
07-20 00:50:41.523   653  1707 W ServiceManagerCppClient: Waited one second for android.hardware.uwb.IUwb/default (is service started? Number of threads started in the threadpool: 32. Are binder threads started and available?)
07-20 00:50:41.535   166 14975 W libc    : Unable to set property "ctl.interface_start" to "aidl/android.hardware.uwb.IUwb/default": PROP_ERROR_HANDLE_CONTROL_MESSAGE (0x20)
07-20 00:50:42.176 14662 14701 I ReactNativeJS: 'Succ├¿s:', { message: 'Connexion r├®ussie',
07-20 00:50:42.176 14662 14701 I ReactNativeJS:   status: 'success',
07-20 00:50:42.176 14662 14701 I ReactNativeJS:   user_type: 'client',
07-20 00:50:42.176 14662 14701 I ReactNativeJS:   user_data: 
07-20 00:50:42.176 14662 14701 I ReactNativeJS:    { id_client: 231920,
07-20 00:50:42.176 14662 14701 I ReactNativeJS:      nom_client: 'Sounouvou',
07-20 00:50:42.176 14662 14701 I ReactNativeJS:      prenom_client: 'Parfait',
07-20 00:50:42.176 14662 14701 I ReactNativeJS:      session_id: '3b39a9ba9d286177a31c6c4fc7fb58232162498923b818bce82faeedbb80e9db' } }
07-20 00:50:42.176 14662 14701 I ReactNativeJS: '\u001b[33m%s\u001b[0m', '[FM] modify_value_local_storage'
07-20 00:50:42.186 14662 14701 I ReactNativeJS: 'File modified:', 'file:///data/user/0/com.k0m0d0.alliance_logistique/files/auto.json', 'Size:', 105
07-20 00:50:42.187 14662 14701 I ReactNativeJS: 'File contents:', '{"id":231920,"name":"","firstname":"","type":"","stay_logged":false,"first_conn":false,"version":"1.0.0"}'
07-20 00:50:42.187 14662 14701 I ReactNativeJS: '\u001b[35m%s\u001b[0m', 'data.user_data[`id_${data.user_type}`]: 231920'
07-20 00:50:42.187 14662 14701 I ReactNativeJS: '\u001b[35m%s\u001b[0m', 'data.user_data: [object Object]'
07-20 00:50:42.187 14662 14701 I ReactNativeJS: '\u001b[33m%s\u001b[0m', '[FM] modify_value_local_storage'
07-20 00:50:42.247 14662 14701 I ReactNativeJS: 'File modified:', 'file:///data/user/0/com.k0m0d0.alliance_logistique/files/auto.json', 'Size:', 111
07-20 00:50:42.250 14662 14701 I ReactNativeJS: 'File contents:', '{"id":231920,"name":"","firstname":"","type":"client","stay_logged":false,"first_conn":false,"version":"1.0.0"}'
07-20 00:50:42.250 14662 14701 I ReactNativeJS: '\u001b[33m%s\u001b[0m', '[FM] modify_value_local_storage'
07-20 00:50:42.261 14662 14701 I ReactNativeJS: 'File modified:', 'file:///data/user/0/com.k0m0d0.alliance_logistique/files/auto.json', 'Size:', 120
07-20 00:50:42.265 14662 14701 I ReactNativeJS: 'File contents:', '{"id":231920,"name":"Sounouvou","firstname":"","type":"client","stay_logged":false,"first_conn":false,"version":"1.0.0"}'
07-20 00:50:42.265 14662 14701 I ReactNativeJS: '\u001b[33m%s\u001b[0m', '[FM] modify_value_local_storage'
07-20 00:50:42.273 14662 14701 I ReactNativeJS: 'File modified:', 'file:///data/user/0/com.k0m0d0.alliance_logistique/files/auto.json', 'Size:', 127
07-20 00:50:42.280 14662 14701 I ReactNativeJS: 'File contents:', '{"id":231920,"name":"Sounouvou","firstname":"Parfait","type":"client","stay_logged":false,"first_conn":false,"version":"1.0.0"}'
07-20 00:50:42.280 14662 14701 I ReactNativeJS: '\u001b[33m%s\u001b[0m', '[FM] modify_value_local_storage'
07-20 00:50:42.292 14662 14701 I ReactNativeJS: 'File modified:', 'file:///data/user/0/com.k0m0d0.alliance_logistique/files/auto.json', 'Size:', 207
07-20 00:50:42.293 14662 14701 I ReactNativeJS: 'File contents:', '{"id":231920,"name":"Sounouvou","firstname":"Parfait","type":"client","stay_logged":false,"first_conn":false,"version":"1.0.0","session_id":"3b39a9ba9d286177a31c6c4fc7fb58232162498923b818bce82faeedbb80e9db"}'
07-20 00:50:42.293 14662 14701 I ReactNativeJS: '\u001b[32m%s\u001b[0m', 'Persistant login'
07-20 00:50:42.293 14662 14701 I ReactNativeJS: '\u001b[33m%s\u001b[0m', '[FM] modify_value_local_storage'
07-20 00:50:42.301 14662 14701 I ReactNativeJS: 'File modified:', 'file:///data/user/0/com.k0m0d0.alliance_logistique/files/auto.json', 'Size:', 227
07-20 00:50:42.302 14662 14701 I ReactNativeJS: 'File contents:', '{"id":231920,"name":"Sounouvou","firstname":"Parfait","type":"client","stay_logged":false,"first_conn":false,"version":"1.0.0","session_id":"3b39a9ba9d286177a31c6c4fc7fb58232162498923b818bce82faeedbb80e9db","stay_loogged":true}'
07-20 00:50:42.302 14662 14701 I ReactNativeJS: '\u001b[33m%s\u001b[0m', '[FM] read_file'
07-20 00:50:42.302 14662 14701 I ReactNativeJS: 'lecture du fichier:', 'file:///data/user/0/com.k0m0d0.alliance_logistique/files/auto.json'
07-20 00:50:42.305 14662 14701 I ReactNativeJS: 'Contenu du fichier:', '{"id":231920,"name":"Sounouvou","firstname":"Parfait","type":"client","stay_logged":false,"first_conn":false,"version":"1.0.0","session_id":"3b39a9ba9d286177a31c6c4fc7fb58232162498923b818bce82faeedbb80e9db","stay_loogged":true}'
07-20 00:50:42.306   653  2388 W ServiceManagerCppClient: Waited one second for android.hardware.uwb.IUwb/default (is service started? Number of threads started in the threadpool: 32. Are binder threads started and available?)
07-20 00:50:42.306 14662 14701 I ReactNativeJS: 'Parse du json:', { id: 231920,
07-20 00:50:42.306 14662 14701 I ReactNativeJS:   name: 'Sounouvou',
07-20 00:50:42.306 14662 14701 I ReactNativeJS:   firstname: 'Parfait',
07-20 00:50:42.306 14662 14701 I ReactNativeJS:   type: 'client',
07-20 00:50:42.306 14662 14701 I ReactNativeJS:   stay_logged: false,
07-20 00:50:42.306 14662 14701 I ReactNativeJS:   first_conn: false,
07-20 00:50:42.306 14662 14701 I ReactNativeJS:   version: '1.0.0',
07-20 00:50:42.306 14662 14701 I ReactNativeJS:   session_id: '3b39a9ba9d286177a31c6c4fc7fb58232162498923b818bce82faeedbb80e9db',
07-20 00:50:42.306 14662 14701 I ReactNativeJS:   stay_loogged: true }
07-20 00:50:42.306 14662 14701 I ReactNativeJS: 'Identifiant unique :', 'BP21.241121.010'
07-20 00:50:42.314   166 14977 W libc    : Unable to set property "ctl.interface_start" to "aidl/android.hardware.uwb.IUwb/default": PROP_ERROR_HANDLE_CONTROL_MESSAGE (0x20)
07-20 00:50:42.437 14662 14662 W WindowOnBackDispatcher: sendCancelIfRunning: isInProgress=false callback=android.view.ImeBackAnimationController@848a847
07-20 00:50:42.442   653   823 I ImeTracker: com.k0m0d0.alliance_logistique:f2338e3f: onRequestHide at ORIGIN_SERVER reason HIDE_UNSPECIFIED_WINDOW fromUser false
07-20 00:50:42.447 11834 11834 I GoogleInputMethodService: GoogleInputMethodService.onFinishInputView():2352 
07-20 00:50:42.448 11834 11834 I VoiceInputManagerWrapper: VoiceInputManagerWrapper.shutdown():122 shutdown()
07-20 00:50:42.454 11834 11834 W ExtensionWrapper: ExtensionWrapper.setAllowUpdateNavigationBarStyle():803 class idm is not activate
07-20 00:50:42.461 14662 14662 I ImeTracker: com.k0m0d0.alliance_logistique:f2338e3f: onCancelled at PHASE_CLIENT_ALREADY_HIDDEN
07-20 00:50:42.470 11834 11834 W ExtensionWrapper: ExtensionWrapper.setAllowUpdateNavigationBarStyle():803 class idm is not activate
07-20 00:50:42.475 11834 11834 W TooltipLifecycleManager: TooltipLifecycleManager.dismissTooltips():154 Tooltip with id spell_check_add_to_dictionary not found in tooltipManager.
07-20 00:50:42.479 11834 11834 I AndroidIME: AbstractIme.onDeactivate():203 PasswordIme.onDeactivate()
07-20 00:50:42.494 11834 11834 I GoogleInputMethodService: GoogleInputMethodService.onFinishInput():3095 
07-20 00:50:42.507 14662 14662 W RemoteInputConnectionImpl: requestCursorUpdates on inactive InputConnection
07-20 00:50:42.522 11834 11834 I GoogleInputMethodService: GoogleInputMethodService.updateDeviceLockedStatus():2167 repeatCheckTimes = 0, locked = false
07-20 00:50:42.522 11834 11834 I GoogleInputMethodService: GoogleInputMethodService.onStartInput():1911 onStartInput(EditorInfo{EditorInfo{packageName=com.k0m0d0.alliance_logistique, inputType=0, inputTypeString=NULL, enableLearning=false, autoCorrection=false, autoComplete=false, imeOptions=0, privateImeOptions=null, actionName=UNSPECIFIED, actionLabel=null, initialSelStart=-1, initialSelEnd=-1, initialCapsMode=0, label=null, fieldId=0, fieldName=null, extras=null, hintText=null, hintLocales=[]}}, false)
07-20 00:50:42.523 11834 11834 I GoogleInputMethodService: GoogleInputMethodService.updateDeviceLockedStatus():2167 repeatCheckTimes = 1, locked = false
07-20 00:50:42.525 14662 14662 W WindowOnBackDispatcher: sendCancelIfRunning: isInProgress=false callback=android.view.ImeBackAnimationController@4977081
07-20 00:50:42.526 11834 11834 I AndroidIME: InputBundleManager.loadActiveInputBundleId():450 loadActiveInputBundleId: und-Latn-x-password, password
07-20 00:50:42.527 11834 11834 I HardKeyTracker: HardKeyTracker.registerKeySequence():139 Register key sequence lii{labelResId=0, callback=fgv@35755aa, lastModifier=0, keyCodes=[57, 57], actions=[1, 0]}
07-20 00:50:42.530 11834 11834 I HardKeyTracker: HardKeyTracker.registerKeySequence():139 Register key sequence lii{labelResId=0, callback=fgv@aae9111, lastModifier=0, keyCodes=[58, 58], actions=[1, 0]}
07-20 00:50:42.534   653   791 W PackageConfigPersister: App-specific configuration not found for packageName: com.k0m0d0.alliance_logistique and userId: 0
07-20 00:50:42.534   653  1707 W ServiceManagerCppClient: Waited one second for android.hardware.uwb.IUwb/default (is service started? Number of threads started in the threadpool: 32. Are binder threads started and available?)
07-20 00:50:42.538 11834 11834 I GoogleInputMethodService: GoogleInputMethodService.onStartInputView():2021 onStartInputView(EditorInfo{EditorInfo{packageName=com.k0m0d0.alliance_logistique, inputType=0, inputTypeString=NULL, enableLearning=false, autoCorrection=false, autoComplete=false, imeOptions=0, privateImeOptions=null, actionName=UNSPECIFIED, actionLabel=null, initialSelStart=-1, initialSelEnd=-1, initialCapsMode=0, label=null, fieldId=0, fieldName=null, extras=null, hintText=null, hintLocales=[]}}, false)
07-20 00:50:42.539 11834 11834 I GoogleInputMethodService: GoogleInputMethodService.updateDeviceLockedStatus():2167 repeatCheckTimes = 1, locked = false
07-20 00:50:42.548 11834 11834 I InputContextChangeTracker: InputContextChangeTracker.fixLyingSelectionRangeFromSurroundingText():1620 fixLyingSelectionRangeFromSurroundingText(): [-1, -1]([-1, -1]) -> [0, 0]([0, 0])
07-20 00:50:42.549   166 14981 W libc    : Unable to set property "ctl.interface_start" to "aidl/android.hardware.uwb.IUwb/default": PROP_ERROR_HANDLE_CONTROL_MESSAGE (0x20)
07-20 00:50:42.551 11834 11834 I KeyboardHeightUtil: KeyboardHeightUtil.getOemKeyboardHeightRatio():175 systemKeyboardHeightRatio:1.000000.
07-20 00:50:42.552 11834 11834 I AndroidIME: AbstractIme.onActivate():90 PasswordIme.onActivate() : EditorInfo = EditorInfo{packageName=com.k0m0d0.alliance_logistique, inputType=0, inputTypeString=NULL, enableLearning=false, autoCorrection=false, autoComplete=false, imeOptions=0, privateImeOptions=null, actionName=UNSPECIFIED, actionLabel=null, initialSelStart=-1, initialSelEnd=-1, initialCapsMode=0, label=null, fieldId=0, fieldName=null, extras=null, hintText=null, hintLocales=[]}, IncognitoMode = false, DeviceLocked = false
07-20 00:50:42.553 11834 11834 I KeyboardWrapper: KeyboardWrapper.activateKeyboard():587 activateKeyboard(): type=accessory, status=0, imeDef=koo{stringId=password, language=und-Latn-x-password, languageTag=und-Latn-x-password, processedConditions={variant=qwerty, enable_number_row=false, device=phone}, className=com.google.android.libraries.inputmethod.ime.password.PasswordIme, label=2132018826, keyEventInterpreter=null, inlineComposing=true, autoCapital=true, announceAutoSelectedCandidate=true, statusIcon=0, primeKeyboardType=SOFT, indicatorIcon=0, indicatorLabel=null, displayAppCompletions=false, extraValues=kog{}, processors=kqg@305be21, unacceptableMetaKeys=4098, languageSpecificSettings=0, asciiCapable=false, alwaysShowSuggestions=false, useAsciiPasswordKeyboard=false, secondaryIme=null, keyboardGroupDef=kpo@7e63246, phenotypeFlagId=0, localizationLanguageTag=null, supportsInlineSuggestion=false}
07-20 00:50:42.553 11834 11834 I KeyboardManager: KeyboardManager.requestKeyboard():234 Creating keyboard accessory, imeId=password, cacheKey=theme_border_keyboard_mode_screen_size_5_5_keyboard_mode_screen_width_middle_floating_keyboard2_stylesheet_noshadow_reordertheme_gsans_silkpopup_unifycolor_googlefontsicons_light_phone_bottom4dp
07-20 00:50:42.554 11834 11834 I KeyboardWrapper: KeyboardWrapper.onKeyboardReady():250 onKeyboardReady(): type=accessory(accessory), kb=com.google.android.libraries.inputmethod.keyboard.impl.Keyboard@91063b
07-20 00:50:42.554 11834 11834 I KeyboardWrapper: KeyboardWrapper.doActivateKeyboard():618 doActivateKeyboard(): accessory
07-20 00:50:42.554 11834 11834 W Keyboard: Keyboard.getKeyboardViewHelper():598 null helper is returned: keyboardDef=kpj{processedConditions={}, globalConditions={}, className=com.google.android.libraries.inputmethod.keyboard.impl.Keyboard, resourceIds=[#0x7f170041], initialStates=0, keyboardViewDefs=[], persistentStates=0, persistentStatesPrefKey=null, popupBubbleLayoutId=0, recentKeyLayoutId=0, recentKeyPopupLayoutId=0, recentKeyType=null, rememberRecentKey=NONE, sessionStates=0}, type=HEADER, helpersCreated=[null, null, null, null], context.getResources().getConfiguration(): {1.0 ?mcc0mnc [en_US] ldltr sw411dp w411dp h914dp 420dpi nrml long port finger qwerty/v/v dpad/v winConfig={ mBounds=Rect(0, 0 - 1080, 2400) mAppBounds=Rect(0, 0 - 1080, 2400) mMaxBounds=Rect(0, 0 - 1080, 2400) mDisplayRotation=ROTATION_0 mWindowingMode=fullscreen mActivityType=undefined mAlwaysOnTop=undefined mRotation=ROTATION_0} as.4 s.24 fontWeightAdjustment=0}
07-20 00:50:42.554 11834 11834 I PopupKeyboardViewHolderProvider: PopupKeyboardViewHolderProvider.hide():93 hiding popup floating keyboard 6686311
07-20 00:50:42.554 11834 11834 W Keyboard: Keyboard.getKeyboardViewHelper():598 null helper is returned: keyboardDef=kpj{processedConditions={}, globalConditions={}, className=com.google.android.libraries.inputmethod.keyboard.impl.Keyboard, resourceIds=[#0x7f170041], initialStates=0, keyboardViewDefs=[], persistentStates=0, persistentStatesPrefKey=null, popupBubbleLayoutId=0, recentKeyLayoutId=0, recentKeyPopupLayoutId=0, recentKeyType=null, rememberRecentKey=NONE, sessionStates=0}, type=BODY, helpersCreated=[null, null, null, null], context.getResources().getConfiguration(): {1.0 ?mcc0mnc [en_US] ldltr sw411dp w411dp h914dp 420dpi nrml long port finger qwerty/v/v dpad/v winConfig={ mBounds=Rect(0, 0 - 1080, 2400) mAppBounds=Rect(0, 0 - 1080, 2400) mMaxBounds=Rect(0, 0 - 1080, 2400) mDisplayRotation=ROTATION_0 mWindowingMode=fullscreen mActivityType=undefined mAlwaysOnTop=undefined mRotation=ROTATION_0} as.4 s.24 fontWeightAdjustment=0}
07-20 00:50:42.555 11834 11834 I PopupKeyboardViewHolderProvider: PopupKeyboardViewHolderProvider.hide():93 hiding popup floating keyboard 6686311
07-20 00:50:42.555 11834 11834 W Keyboard: Keyboard.getKeyboardViewHelper():598 null helper is returned: keyboardDef=kpj{processedConditions={}, globalConditions={}, className=com.google.android.libraries.inputmethod.keyboard.impl.Keyboard, resourceIds=[#0x7f170041], initialStates=0, keyboardViewDefs=[], persistentStates=0, persistentStatesPrefKey=null, popupBubbleLayoutId=0, recentKeyLayoutId=0, recentKeyPopupLayoutId=0, recentKeyType=null, rememberRecentKey=NONE, sessionStates=0}, type=HEADER, helpersCreated=[null, null, null, null], context.getResources().getConfiguration(): {1.0 ?mcc0mnc [en_US] ldltr sw411dp w411dp h914dp 420dpi nrml long port finger qwerty/v/v dpad/v winConfig={ mBounds=Rect(0, 0 - 1080, 2400) mAppBounds=Rect(0, 0 - 1080, 2400) mMaxBounds=Rect(0, 0 - 1080, 2400) mDisplayRotation=ROTATION_0 mWindowingMode=fullscreen mActivityType=undefined mAlwaysOnTop=undefined mRotation=ROTATION_0} as.4 s.24 fontWeightAdjustment=0}
07-20 00:50:42.556 11834 11834 I PopupKeyboardViewHolderProvider: PopupKeyboardViewHolderProvider.hide():93 hiding popup floating keyboard 6686311
07-20 00:50:42.557 11834 11834 W Keyboard: Keyboard.getKeyboardViewHelper():598 null helper is returned: keyboardDef=kpj{processedConditions={}, globalConditions={}, className=com.google.android.libraries.inputmethod.keyboard.impl.Keyboard, resourceIds=[#0x7f170041], initialStates=0, keyboardViewDefs=[], persistentStates=0, persistentStatesPrefKey=null, popupBubbleLayoutId=0, recentKeyLayoutId=0, recentKeyPopupLayoutId=0, recentKeyType=null, rememberRecentKey=NONE, sessionStates=0}, type=BODY, helpersCreated=[null, null, null, null], context.getResources().getConfiguration(): {1.0 ?mcc0mnc [en_US] ldltr sw411dp w411dp h914dp 420dpi nrml long port finger qwerty/v/v dpad/v winConfig={ mBounds=Rect(0, 0 - 1080, 2400) mAppBounds=Rect(0, 0 - 1080, 2400) mMaxBounds=Rect(0, 0 - 1080, 2400) mDisplayRotation=ROTATION_0 mWindowingMode=fullscreen mActivityType=undefined mAlwaysOnTop=undefined mRotation=ROTATION_0} as.4 s.24 fontWeightAdjustment=0}
07-20 00:50:42.557 11834 11834 I PopupKeyboardViewHolderProvider: PopupKeyboardViewHolderProvider.hide():93 hiding popup floating keyboard 6686311
07-20 00:50:42.558 11834 11834 W Keyboard: Keyboard.getKeyboardViewHelper():598 null helper is returned: keyboardDef=kpj{processedConditions={}, globalConditions={}, className=com.google.android.libraries.inputmethod.keyboard.impl.Keyboard, resourceIds=[#0x7f170041], initialStates=0, keyboardViewDefs=[], persistentStates=0, persistentStatesPrefKey=null, popupBubbleLayoutId=0, recentKeyLayoutId=0, recentKeyPopupLayoutId=0, recentKeyType=null, rememberRecentKey=NONE, sessionStates=0}, type=FLOATING_CANDIDATES, helpersCreated=[null, null, null, null], context.getResources().getConfiguration(): {1.0 ?mcc0mnc [en_US] ldltr sw411dp w411dp h914dp 420dpi nrml long port finger qwerty/v/v dpad/v winConfig={ mBounds=Rect(0, 0 - 1080, 2400) mAppBounds=Rect(0, 0 - 1080, 2400) mMaxBounds=Rect(0, 0 - 1080, 2400) mDisplayRotation=ROTATION_0 mWindowingMode=fullscreen mActivityType=undefined mAlwaysOnTop=undefined mRotation=ROTATION_0} as.4 s.24 fontWeightAdjustment=0}
07-20 00:50:42.558 11834 11834 I PopupKeyboardViewHolderProvider: PopupKeyboardViewHolderProvider.hide():93 hiding popup floating keyboard 6686311
07-20 00:50:42.558 11834 11834 W Keyboard: Keyboard.getKeyboardViewHelper():598 null helper is returned: keyboardDef=kpj{processedConditions={}, globalConditions={}, className=com.google.android.libraries.inputmethod.keyboard.impl.Keyboard, resourceIds=[#0x7f170041], initialStates=0, keyboardViewDefs=[], persistentStates=0, persistentStatesPrefKey=null, popupBubbleLayoutId=0, recentKeyLayoutId=0, recentKeyPopupLayoutId=0, recentKeyType=null, rememberRecentKey=NONE, sessionStates=0}, type=WIDGET, helpersCreated=[null, null, null, null], context.getResources().getConfiguration(): {1.0 ?mcc0mnc [en_US] ldltr sw411dp w411dp h914dp 420dpi nrml long port finger qwerty/v/v dpad/v winConfig={ mBounds=Rect(0, 0 - 1080, 2400) mAppBounds=Rect(0, 0 - 1080, 2400) mMaxBounds=Rect(0, 0 - 1080, 2400) mDisplayRotation=ROTATION_0 mWindowingMode=fullscreen mActivityType=undefined mAlwaysOnTop=undefined mRotation=ROTATION_0} as.4 s.24 fontWeightAdjustment=0}
07-20 00:50:42.559 11834 11834 I PopupKeyboardViewHolderProvider: PopupKeyboardViewHolderProvider.hide():93 hiding popup floating keyboard 6686311
07-20 00:50:42.559 11834 11834 I KeyboardManager: KeyboardManager.requestKeyboard():234 Creating keyboard accessory_candidates_consumer, imeId=password, cacheKey=theme_border_keyboard_mode_screen_size_5_5_keyboard_mode_screen_width_middle_floating_keyboard2_stylesheet_noshadow_reordertheme_gsans_silkpopup_unifycolor_googlefontsicons_light_phone_bottom4dp
07-20 00:50:42.561 11834 11834 W Keyboard: Keyboard.getKeyboardViewHelper():598 null helper is returned: keyboardDef=kpj{processedConditions={}, globalConditions={global_theme_key=theme_border_keyboard_mode_screen_size_5_5_keyboard_mode_screen_width_middle_floating_keyboard2_stylesheet_noshadow_reordertheme_gsans_silkpopup_unifycolor_googlefontsicons_light_phone_bottom4dp, global_locale=en_US, global_density_dpi=420, global_orientation=1}, className=.latin.keyboard.AccessoryKeyboard, resourceIds=[#0x7f170040], initialStates=0, keyboardViewDefs=[kpw{direction=null, id=#0x7f0b015e, isScalable=false, layoutId=#0x7f0e002c, type=FLOATING_CANDIDATES, touchable=true, defaultShow=false}], persistentStates=0, persistentStatesPrefKey=null, popupBubbleLayoutId=#0x7f0e05d6, recentKeyLayoutId=0, recentKeyPopupLayoutId=0, recentKeyType=null, rememberRecentKey=NONE, sessionStates=0}, type=HEADER, helpersCreated=[null, null, kby@6d2fd13, null], context.getResources().getConfiguration(): {1.0 ?mcc0mnc [en_US] ldltr sw411dp w411dp h914dp 420dpi nrml long port finger qwerty/v/v dpad/v winConfig={ mBounds=Rect(0, 0 - 1080, 2400) mAppBounds=Rect(0, 0 - 1080, 2400) mMaxBounds=Rect(0, 0 - 1080, 2400) mDisplayRotation=ROTATION_0 mWindowingMode=fullscreen mActivityType=undefined mAlwaysOnTop=undefined mRotation=ROTATION_0} as.4 s.24 fontWeightAdjustment=0}
07-20 00:50:42.562 11834 11834 W Keyboard: Keyboard.getKeyboardViewHelper():598 null helper is returned: keyboardDef=kpj{processedConditions={}, globalConditions={global_theme_key=theme_border_keyboard_mode_screen_size_5_5_keyboard_mode_screen_width_middle_floating_keyboard2_stylesheet_noshadow_reordertheme_gsans_silkpopup_unifycolor_googlefontsicons_light_phone_bottom4dp, global_locale=en_US, global_density_dpi=420, global_orientation=1}, className=.latin.keyboard.AccessoryKeyboard, resourceIds=[#0x7f170040], initialStates=0, keyboardViewDefs=[kpw{direction=null, id=#0x7f0b015e, isScalable=false, layoutId=#0x7f0e002c, type=FLOATING_CANDIDATES, touchable=true, defaultShow=false}], persistentStates=0, persistentStatesPrefKey=null, popupBubbleLayoutId=#0x7f0e05d6, recentKeyLayoutId=0, recentKeyPopupLayoutId=0, recentKeyType=null, rememberRecentKey=NONE, sessionStates=0}, type=BODY, helpersCreated=[null, null, kby@6d2fd13, null], context.getResources().getConfiguration(): {1.0 ?mcc0mnc [en_US] ldltr sw411dp w411dp h914dp 420dpi nrml long port finger qwerty/v/v dpad/v winConfig={ mBounds=Rect(0, 0 - 1080, 2400) mAppBounds=Rect(0, 0 - 1080, 2400) mMaxBounds=Rect(0, 0 - 1080, 2400) mDisplayRotation=ROTATION_0 mWindowingMode=fullscreen mActivityType=undefined mAlwaysOnTop=undefined mRotation=ROTATION_0} as.4 s.24 fontWeightAdjustment=0}
07-20 00:50:42.567 11834 11834 I GoogleInputMethodService: GoogleInputMethodService.startInputIfInputViewStarted():3614 startInputIfInputViewStarted(): ACCESSORY
07-20 00:50:42.578 11834 11834 I NewLanguagePromptExtension: NewLanguagePromptExtension.onActivate():184 Not activated NewLanguagePromptExtension: not a normal text input box.
07-20 00:50:42.582 11834 11834 I VoiceInputManagerWrapper: VoiceInputManagerWrapper.cancelShutdown():100 cancelShutdown()
07-20 00:50:42.582 11834 11834 I VoiceInputManagerWrapper: VoiceInputManagerWrapper.syncLanguagePacks():112 syncLanguagePacks()
07-20 00:50:42.582 11834 11834 I VoiceInputManager: VoiceInputManager.onKeyboardActivated():1027 onKeyboardActivated() [UD]
07-20 00:50:42.582 11834 12070 I SpeechFactory: SpeechRecognitionFactory.maybeScheduleAutoPackDownloadForFallback():161 maybeScheduleAutoPackDownloadForFallback()
07-20 00:50:42.582 11834 12070 I FallbackOnDeviceRecognitionProvider: FallbackOnDeviceRecognitionProvider.maybeScheduleAutoPackDownload():198 maybeScheduleAutoPackDownload() for language tag en-US
07-20 00:50:42.583 11834 11834 I AccessoryInputModeManager: AccessoryInputModeManager.onModeStarted():320 Accessory input mode started: PK
07-20 00:50:42.585 11834 11834 I KeyboardModeManager: KeyboardModeManager.setSupportedKeyboardModes():1154 supportsSplitMode=true supportsOneHandedMode=true, needUpdateKeyboardMode=false
07-20 00:50:42.585 11834 11834 I KeyboardModeManager: KeyboardModeManager.setKeyboardMode():929 setKeyboardMode() newKeyboardMode=3, updatePreferences=false
07-20 00:50:42.586 11834 11834 E AndroidIME: AbstractPopupViewManager.movePopupView():337 popup view android.widget.FrameLayout{6686311 G.E...... ......ID 0,0-894,756 #7f0b026d app:id/0_resource_name_obfuscated aid=169} is not shown!
07-20 00:50:42.586 11834 11834 I ResizableKeyboardModeController: ResizableKeyboardModeController.getKeyboardBottomOffset():228 currentPrimeKeyboardType:SOFT keyboardBottomOffset:0 navBarHeight:63 isInLandscape:false
07-20 00:50:42.586 11834 11834 E AndroidIME: AbstractPopupViewManager.movePopupView():337 popup view android.widget.FrameLayout{6686311 G.E...... ......ID 0,0-894,756 #7f0b026d app:id/0_resource_name_obfuscated aid=169} is not shown!
07-20 00:50:42.590 11834 11834 I VoiceImeExtension: VoiceImeExtension.shouldStartVoiceInputAutomaticallyInCurrentInputBox():402 No private IME option set to start voice input.
07-20 00:50:42.594 11834 11834 I ImeTracker: com.google.android.inputmethod.latin:96b72ad9: onRequestHide at ORIGIN_IME reason HIDE_SOFT_INPUT_LEGACY_DIRECT fromUser false
07-20 00:50:42.599 11834 11834 I GoogleInputMethodService: GoogleInputMethodService.onFinishInputView():2352 
07-20 00:50:42.600 11834 11834 I VoiceInputManagerWrapper: VoiceInputManagerWrapper.shutdown():122 shutdown()
07-20 00:50:42.602 11834 11834 W TooltipLifecycleManager: TooltipLifecycleManager.dismissTooltips():154 Tooltip with id spell_check_add_to_dictionary not found in tooltipManager.
07-20 00:50:42.603 11834 11834 I AndroidIME: AbstractIme.onDeactivate():203 PasswordIme.onDeactivate()
07-20 00:50:42.616 11834 11834 I ImeTracker: com.google.android.inputmethod.latin:96b72ad9: onHidden
07-20 00:50:42.619 11834 11834 I WindowMetricsNotification: WindowMetricsNotification.notifyWithWindow():175 
07-20 00:50:42.620 11834 11834 I WindowMetricsNotification: WindowMetricsNotification.notify():168 WindowMetricsNotification{bounds=Rect(0, 121 - 1080, 2400), insets=Rect(0, 0 - 0, 63), densityDpi=420, smallestScreenWidthDp=411, displayWidth=1080, displayHeight=2400, xdpi=420.0, ydpi=420.0, isTrustable=true, displayId=0}; DisplayMetrics{density=2.625, width=1080, height=2400, scaledDensity=2.625, xdpi=420.0, ydpi=420.0}
07-20 00:50:42.625 11834 11834 I WindowMetricsNotification: WindowMetricsNotification.notifyWithWindow():175 
07-20 00:50:42.625 11834 11834 I WindowMetricsNotification: WindowMetricsNotification.notify():168 WindowMetricsNotification{bounds=Rect(0, 121 - 1080, 2400), insets=Rect(0, 0 - 0, 63), densityDpi=420, smallestScreenWidthDp=411, displayWidth=1080, displayHeight=2400, xdpi=420.0, ydpi=420.0, isTrustable=true, displayId=0}; DisplayMetrics{density=2.625, width=1080, height=2400, scaledDensity=2.625, xdpi=420.0, ydpi=420.0}
07-20 00:50:42.626 11834 11834 I WindowMetricsNotification: WindowMetricsNotification.notifyWithWindow():175 
07-20 00:50:42.627 11834 11834 I WindowMetricsNotification: WindowMetricsNotification.notify():168 WindowMetricsNotification{bounds=Rect(0, 121 - 1080, 2400), insets=Rect(0, 0 - 0, 63), densityDpi=420, smallestScreenWidthDp=411, displayWidth=1080, displayHeight=2400, xdpi=420.0, ydpi=420.0, isTrustable=true, displayId=0}; DisplayMetrics{density=2.625, width=1080, height=2400, scaledDensity=2.625, xdpi=420.0, ydpi=420.0}
07-20 00:50:42.635 11834 11834 I GoogleInputMethodService: GoogleInputMethodService$1.onKeyboardViewShown():468 onKeyboardViewShown: keyboardType=accessory, keyboardViewType=HEADER keyboardView=null
07-20 00:50:42.636 11834 11834 I GoogleInputMethodService: GoogleInputMethodService$1.onKeyboardViewShown():468 onKeyboardViewShown: keyboardType=accessory, keyboardViewType=BODY keyboardView=null
07-20 00:50:42.637 11834 11834 I WindowMetricsNotification: WindowMetricsNotification.notifyWithWindow():175 
07-20 00:50:42.637 11834 11834 I WindowMetricsNotification: WindowMetricsNotification.notify():168 WindowMetricsNotification{bounds=Rect(0, 121 - 1080, 2400), insets=Rect(0, 0 - 0, 63), densityDpi=420, smallestScreenWidthDp=411, displayWidth=1080, displayHeight=2400, xdpi=420.0, ydpi=420.0, isTrustable=true, displayId=0}; DisplayMetrics{density=2.625, width=1080, height=2400, scaledDensity=2.625, xdpi=420.0, ydpi=420.0}
07-20 00:50:42.637 11834 11834 I WindowMetricsNotification: WindowMetricsNotification.notifyWithWindow():175 
07-20 00:50:42.637 11834 11834 I WindowMetricsNotification: WindowMetricsNotification.notify():168 WindowMetricsNotification{bounds=Rect(0, 121 - 1080, 2400), insets=Rect(0, 0 - 0, 63), densityDpi=420, smallestScreenWidthDp=411, displayWidth=1080, displayHeight=2400, xdpi=420.0, ydpi=420.0, isTrustable=true, displayId=0}; DisplayMetrics{density=2.625, width=1080, height=2400, scaledDensity=2.625, xdpi=420.0, ydpi=420.0}
07-20 00:50:42.638 11834 11834 I WindowMetricsNotification: WindowMetricsNotification.notifyWithWindow():175 
07-20 00:50:42.638 11834 11834 I WindowMetricsNotification: WindowMetricsNotification.notify():168 WindowMetricsNotification{bounds=Rect(0, 121 - 1080, 2400), insets=Rect(0, 0 - 0, 63), densityDpi=420, smallestScreenWidthDp=411, displayWidth=1080, displayHeight=2400, xdpi=420.0, ydpi=420.0, isTrustable=true, displayId=0}; DisplayMetrics{density=2.625, width=1080, height=2400, scaledDensity=2.625, xdpi=420.0, ydpi=420.0}
07-20 00:50:42.638 11834 11834 I WindowMetricsNotification: WindowMetricsNotification.notifyWithWindow():175 
07-20 00:50:42.638 11834 11834 I WindowMetricsNotification: WindowMetricsNotification.notify():168 WindowMetricsNotification{bounds=Rect(0, 121 - 1080, 2400), insets=Rect(0, 0 - 0, 63), densityDpi=420, smallestScreenWidthDp=411, displayWidth=1080, displayHeight=2400, xdpi=420.0, ydpi=420.0, isTrustable=true, displayId=0}; DisplayMetrics{density=2.625, width=1080, height=2400, scaledDensity=2.625, xdpi=420.0, ydpi=420.0}
07-20 00:50:42.638 11834 11834 I WindowMetricsNotification: WindowMetricsNotification.notifyWithWindow():175 
07-20 00:50:42.638 11834 11834 I WindowMetricsNotification: WindowMetricsNotification.notify():168 WindowMetricsNotification{bounds=Rect(0, 121 - 1080, 2400), insets=Rect(0, 0 - 0, 63), densityDpi=420, smallestScreenWidthDp=411, displayWidth=1080, displayHeight=2400, xdpi=420.0, ydpi=420.0, isTrustable=true, displayId=0}; DisplayMetrics{density=2.625, width=1080, height=2400, scaledDensity=2.625, xdpi=420.0, ydpi=420.0}
07-20 00:50:42.640 11834 11834 I WindowMetricsNotification: WindowMetricsNotification.notifyWithWindow():175 
07-20 00:50:42.640 11834 11834 I WindowMetricsNotification: WindowMetricsNotification.notify():168 WindowMetricsNotification{bounds=Rect(0, 121 - 1080, 2400), insets=Rect(0, 0 - 0, 63), densityDpi=420, smallestScreenWidthDp=411, displayWidth=1080, displayHeight=2400, xdpi=420.0, ydpi=420.0, isTrustable=true, displayId=0}; DisplayMetrics{density=2.625, width=1080, height=2400, scaledDensity=2.625, xdpi=420.0, ydpi=420.0}
07-20 00:50:43.111 14662 14701 I ReactNativeJS: '\u001b[31m%s\u001b[0m', 'Erreur lors de l\'enregistrement de l\'utilisateur dans log'
07-20 00:50:43.312   653  2388 W ServiceManagerCppClient: Waited one second for android.hardware.uwb.IUwb/default (is service started? Number of threads started in the threadpool: 32. Are binder threads started and available?)
07-20 00:50:43.319   166 14982 W libc    : Unable to set property "ctl.interface_start" to "aidl/android.hardware.uwb.IUwb/default": PROP_ERROR_HANDLE_CONTROL_MESSAGE (0x20)
07-20 00:50:43.548   653  1707 W ServiceManagerCppClient: Waited one second for android.hardware.uwb.IUwb/default (is service started? Number of threads started in the threadpool: 32. Are binder threads started and available?)
07-20 00:50:43.558   166 14983 W libc    : Unable to set property "ctl.interface_start" to "aidl/android.hardware.uwb.IUwb/default": PROP_ERROR_HANDLE_CONTROL_MESSAGE (0x20)
07-20 00:50:44.317   653  2388 W ServiceManagerCppClient: Waited one second for android.hardware.uwb.IUwb/default (is service started? Number of threads started in the threadpool: 32. Are binder threads started and available?)
07-20 00:50:44.328   166 14984 W libc    : Unable to set property "ctl.interface_start" to "aidl/android.hardware.uwb.IUwb/default": PROP_ERROR_HANDLE_CONTROL_MESSAGE (0x20)
07-20 00:50:44.434   653  1937 W AS.PlaybackActivityMon: No piid assigned for invalid/internal port id 15
07-20 00:50:44.556   653  1707 W ServiceManagerCppClient: Waited one second for android.hardware.uwb.IUwb/default (is service started? Number of threads started in the threadpool: 32. Are binder threads started and available?)
07-20 00:50:44.574   166 14986 W libc    : Unable to set property "ctl.interface_start" to "aidl/android.hardware.uwb.IUwb/default": PROP_ERROR_HANDLE_CONTROL_MESSAGE (0x20)
07-20 00:50:44.739 14662 14701 I ReactNativeJS: === ACCUEIL: useEffect d├®clench├® ===
07-20 00:50:44.740 14662 14701 I ReactNativeJS: '\u001b[33m%s\u001b[0m', '[FM] read_file'
07-20 00:50:44.740 14662 14701 I ReactNativeJS: 'lecture du fichier:', 'file:///data/user/0/com.k0m0d0.alliance_logistique/files/auto.json'
07-20 00:50:44.740 14662 14701 I ReactNativeJS: === ACCUEIL: Mise ├á jour nb_commande_livraison ===
07-20 00:50:44.740 14662 14701 I ReactNativeJS: 'Commandes actuelles:', []
07-20 00:50:44.775 14662 14701 I ReactNativeJS: 'Contenu du fichier:', '{"id":231920,"name":"Sounouvou","firstname":"Parfait","type":"client","stay_logged":false,"first_conn":false,"version":"1.0.0","session_id":"3b39a9ba9d286177a31c6c4fc7fb58232162498923b818bce82faeedbb80e9db","stay_loogged":true}'
07-20 00:50:44.775 14662 14701 I ReactNativeJS: 'Parse du json:', { id: 231920,
07-20 00:50:44.775 14662 14701 I ReactNativeJS:   name: 'Sounouvou',
07-20 00:50:44.775 14662 14701 I ReactNativeJS:   firstname: 'Parfait',
07-20 00:50:44.775 14662 14701 I ReactNativeJS:   type: 'client',
07-20 00:50:44.775 14662 14701 I ReactNativeJS:   stay_logged: false,
07-20 00:50:44.775 14662 14701 I ReactNativeJS:   first_conn: false,
07-20 00:50:44.775 14662 14701 I ReactNativeJS:   version: '1.0.0',
07-20 00:50:44.775 14662 14701 I ReactNativeJS:   session_id: '3b39a9ba9d286177a31c6c4fc7fb58232162498923b818bce82faeedbb80e9db',
07-20 00:50:44.775 14662 14701 I ReactNativeJS:   stay_loogged: true }
07-20 00:50:44.775 14662 14701 I ReactNativeJS: 'User data from auto.json:', { id: 231920,
07-20 00:50:44.775 14662 14701 I ReactNativeJS:   name: 'Sounouvou',
07-20 00:50:44.775 14662 14701 I ReactNativeJS:   firstname: 'Parfait',
07-20 00:50:44.775 14662 14701 I ReactNativeJS:   type: 'client',
07-20 00:50:44.775 14662 14701 I ReactNativeJS:   stay_logged: false,
07-20 00:50:44.775 14662 14701 I ReactNativeJS:   first_conn: false,
07-20 00:50:44.775 14662 14701 I ReactNativeJS:   version: '1.0.0',
07-20 00:50:44.775 14662 14701 I ReactNativeJS:   session_id: '3b39a9ba9d286177a31c6c4fc7fb58232162498923b818bce82faeedbb80e9db',
07-20 00:50:44.775 14662 14701 I ReactNativeJS:   stay_loogged: true }
07-20 00:50:44.775 14662 14701 I ReactNativeJS: 'id_client : ', '3b39a9ba9d286177a31c6c4fc7fb58232162498923b818bce82faeedbb80e9db'
07-20 00:50:44.783 14662 14662 W [RNScreens]: backTitleVisible prop is not available on Android
07-20 00:50:44.783 14662 14662 W [RNScreens]: backTitleFontFamily prop is not available on Android
07-20 00:50:44.783 14662 14662 W [RNScreens]: disableBackButtonMenu prop is not available on Android
07-20 00:50:44.783 14662 14662 W [RNScreens]: largeTitleFontFamily prop is not available on Android
07-20 00:50:44.783 14662 14662 W [RNScreens]: largeTitleFontWeight prop is not available on Android
07-20 00:50:44.783 14662 14662 W [RNScreens]: largeTitleHideShadow prop is not available on Android
07-20 00:50:44.784 14662 14662 E unknown:FabricUIManager: Exception thrown when executing UIFrameGuarded
07-20 00:50:44.784 14662 14662 E unknown:FabricUIManager: com.facebook.react.uimanager.IllegalViewOperationException: ViewManagerResolver returned null for either RNSVGPath or RCTRNSVGPath, existing names are: [RCTSafeAreaView, RNSScreenContainer, AndroidProgressBar, AIRMapCircle, RNCSafeAreaView, RNSScreen, AndroidSwitch, RNCSafeAreaProvider, RNSSearchBar, RNGestureHandlerButton, AIRMapGradientPolyline, RNSScreenStackHeaderConfig, UnimplementedNativeView, GooglePayButton, AIRMapPolygon, AndroidDrawerLayout, RNSScreenStackHeaderSubview, RNCAndroidDialogPicker, AndroidTextInput, AddToWalletButton, AIRMapUrlTile, CardForm, RNSScreenFooter, AIRMap, StripeContainer, AIRMapMarker, AIRMapLocalTile, RNSModalScreen, AndroidHorizontalScrollView, AIRMapPolyline, RCTText, AndroidHorizontalScrollContentView, RCTView, CardField, RNSScreenStack, AIRMapCallout, AddressSheetView, RCTModalHostView, AIRMapHeatmap, RNDatePicker, RCTTextInlineImage, RNCWebView, AIRMapWMSTile, RCTImageView, RNSScreenContentWrapper, RCTScrollView, AuBECSDebitForm, RCTVirtualText, AndroidSwipeRefreshLayout, RCTRawText, RNGestureHandlerRootView, AIRMapOverlay, RNCAndroidDropdownPicker]
07-20 00:50:44.784 14662 14662 E unknown:FabricUIManager: 	at com.facebook.react.uimanager.ViewManagerRegistry.get(ViewManagerRegistry.java:83)
07-20 00:50:44.784 14662 14662 E unknown:FabricUIManager: 	at com.facebook.react.fabric.mounting.SurfaceMountingManager.createViewUnsafe(SurfaceMountingManager.java:676)
07-20 00:50:44.784 14662 14662 E unknown:FabricUIManager: 	at com.facebook.react.fabric.mounting.SurfaceMountingManager.preallocateView(SurfaceMountingManager.java:1086)
07-20 00:50:44.784 14662 14662 E unknown:FabricUIManager: 	at com.facebook.react.fabric.mounting.mountitems.PreAllocateViewMountItem.execute(PreAllocateViewMountItem.java:63)
07-20 00:50:44.784 14662 14662 E unknown:FabricUIManager: 	at com.facebook.react.fabric.mounting.MountItemDispatcher.executeOrEnqueue(MountItemDispatcher.java:387)
07-20 00:50:44.784 14662 14662 E unknown:FabricUIManager: 	at com.facebook.react.fabric.mounting.MountItemDispatcher.dispatchMountItems(MountItemDispatcher.java:274)
07-20 00:50:44.784 14662 14662 E unknown:FabricUIManager: 	at com.facebook.react.fabric.mounting.MountItemDispatcher.tryDispatchMountItems(MountItemDispatcher.java:126)
07-20 00:50:44.784 14662 14662 E unknown:FabricUIManager: 	at com.facebook.react.fabric.FabricUIManager$DispatchUIFrameCallback.doFrameGuarded(FabricUIManager.java:1399)
07-20 00:50:44.784 14662 14662 E unknown:FabricUIManager: 	at com.facebook.react.fabric.GuardedFrameCallback.doFrame(GuardedFrameCallback.kt:22)
07-20 00:50:44.784 14662 14662 E unknown:FabricUIManager: 	at com.facebook.react.modules.core.ReactChoreographer.frameCallback$lambda$1(ReactChoreographer.kt:60)
07-20 00:50:44.784 14662 14662 E unknown:FabricUIManager: 	at com.facebook.react.modules.core.ReactChoreographer.$r8$lambda$nSkFhrr5T7rop_XKwzlLov4NLLw(Unknown Source:0)
07-20 00:50:44.784 14662 14662 E unknown:FabricUIManager: 	at com.facebook.react.modules.core.ReactChoreographer$$ExternalSyntheticLambda0.doFrame(D8$$SyntheticClass:0)
07-20 00:50:44.784 14662 14662 E unknown:FabricUIManager: 	at android.view.Choreographer$CallbackRecord.run(Choreographer.java:1564)
07-20 00:50:44.784 14662 14662 E unknown:FabricUIManager: 	at android.view.Choreographer$CallbackRecord.run(Choreographer.java:1575)
07-20 00:50:44.784 14662 14662 E unknown:FabricUIManager: 	at android.view.Choreographer.doCallbacks(Choreographer.java:1175)
07-20 00:50:44.784 14662 14662 E unknown:FabricUIManager: 	at android.view.Choreographer.doFrame(Choreographer.java:1100)
07-20 00:50:44.784 14662 14662 E unknown:FabricUIManager: 	at android.view.Choreographer$FrameDisplayEventReceiver.run(Choreographer.java:1549)
07-20 00:50:44.784 14662 14662 E unknown:FabricUIManager: 	at android.os.Handler.handleCallback(Handler.java:991)
07-20 00:50:44.784 14662 14662 E unknown:FabricUIManager: 	at android.os.Handler.dispatchMessage(Handler.java:102)
07-20 00:50:44.784 14662 14662 E unknown:FabricUIManager: 	at android.os.Looper.loopOnce(Looper.java:232)
07-20 00:50:44.784 14662 14662 E unknown:FabricUIManager: 	at android.os.Looper.loop(Looper.java:317)
07-20 00:50:44.784 14662 14662 E unknown:FabricUIManager: 	at android.app.ActivityThread.main(ActivityThread.java:8875)
07-20 00:50:44.784 14662 14662 E unknown:FabricUIManager: 	at java.lang.reflect.Method.invoke(Native Method)
07-20 00:50:44.784 14662 14662 E unknown:FabricUIManager: 	at com.android.internal.os.RuntimeInit$MethodAndArgsCaller.run(RuntimeInit.java:591)
07-20 00:50:44.784 14662 14662 E unknown:FabricUIManager: 	at com.android.internal.os.ZygoteInit.main(ZygoteInit.java:891)
07-20 00:50:44.784 14662 14662 W unknown:BridgelessReact: ReactHost{0}.handleHostException(message = "ViewManagerResolver returned null for either RNSVGPath or RCTRNSVGPath, existing names are: [RCTSafeAreaView, RNSScreenContainer, AndroidProgressBar, AIRMapCircle, RNCSafeAreaView, RNSScreen, AndroidSwitch, RNCSafeAreaProvider, RNSSearchBar, RNGestureHandlerButton, AIRMapGradientPolyline, RNSScreenStackHeaderConfig, UnimplementedNativeView, GooglePayButton, AIRMapPolygon, AndroidDrawerLayout, RNSScreenStackHeaderSubview, RNCAndroidDialogPicker, AndroidTextInput, AddToWalletButton, AIRMapUrlTile, CardForm, RNSScreenFooter, AIRMap, StripeContainer, AIRMapMarker, AIRMapLocalTile, RNSModalScreen, AndroidHorizontalScrollView, AIRMapPolyline, RCTText, AndroidHorizontalScrollContentView, RCTView, CardField, RNSScreenStack, AIRMapCallout, AddressSheetView, RCTModalHostView, AIRMapHeatmap, RNDatePicker, RCTTextInlineImage, RNCWebView, AIRMapWMSTile, RCTImageView, RNSScreenContentWrapper, RCTScrollView, AuBECSDebitForm, RCTVirtualText, AndroidSwipeRefreshLayout, RCTRawText, RNGestureHandlerRootView, AIRMapOverlay, RNCAndroidDropdownPicker]")
07-20 00:50:44.786 14662 14700 W unknown:BridgelessReact: ReactHost{0}.getOrCreateDestroyTask()
07-20 00:50:44.786 14662 14700 W unknown:BridgelessReact: ReactHost{0}.raiseSoftException(getOrCreateDestroyTask()): handleHostException(message = "ViewManagerResolver returned null for either RNSVGPath or RCTRNSVGPath, existing names are: [RCTSafeAreaView, RNSScreenContainer, AndroidProgressBar, AIRMapCircle, RNCSafeAreaView, RNSScreen, AndroidSwitch, RNCSafeAreaProvider, RNSSearchBar, RNGestureHandlerButton, AIRMapGradientPolyline, RNSScreenStackHeaderConfig, UnimplementedNativeView, GooglePayButton, AIRMapPolygon, AndroidDrawerLayout, RNSScreenStackHeaderSubview, RNCAndroidDialogPicker, AndroidTextInput, AddToWalletButton, AIRMapUrlTile, CardForm, RNSScreenFooter, AIRMap, StripeContainer, AIRMapMarker, AIRMapLocalTile, RNSModalScreen, AndroidHorizontalScrollView, AIRMapPolyline, RCTText, AndroidHorizontalScrollContentView, RCTView, CardField, RNSScreenStack, AIRMapCallout, AddressSheetView, RCTModalHostView, AIRMapHeatmap, RNDatePicker, RCTTextInlineImage, RNCWebView, AIRMapWMSTile, RCTImageView, RNSScreenContentWrapper, RCTScrollView, AuBECSDebitForm, RCTVirtualText, AndroidSwipeRefreshLayout, RCTRawText, RNGestureHandlerRootView, AIRMapOverlay, RNCAndroidDropdownPicker]")
07-20 00:50:44.786 14662 14700 E unknown:ReactHost: Unhandled SoftException
07-20 00:50:44.786 14662 14700 E unknown:ReactHost: com.facebook.react.bridge.ReactNoCrashSoftException: raiseSoftException(getOrCreateDestroyTask()): handleHostException(message = "ViewManagerResolver returned null for either RNSVGPath or RCTRNSVGPath, existing names are: [RCTSafeAreaView, RNSScreenContainer, AndroidProgressBar, AIRMapCircle, RNCSafeAreaView, RNSScreen, AndroidSwitch, RNCSafeAreaProvider, RNSSearchBar, RNGestureHandlerButton, AIRMapGradientPolyline, RNSScreenStackHeaderConfig, UnimplementedNativeView, GooglePayButton, AIRMapPolygon, AndroidDrawerLayout, RNSScreenStackHeaderSubview, RNCAndroidDialogPicker, AndroidTextInput, AddToWalletButton, AIRMapUrlTile, CardForm, RNSScreenFooter, AIRMap, StripeContainer, AIRMapMarker, AIRMapLocalTile, RNSModalScreen, AndroidHorizontalScrollView, AIRMapPolyline, RCTText, AndroidHorizontalScrollContentView, RCTView, CardField, RNSScreenStack, AIRMapCallout, AddressSheetView, RCTModalHostView, AIRMapHeatmap, RNDatePicker, RCTTextInlineImage, RNCWebView, AIRMapWMSTile, RCTImageView, RNSScreenContentWrapper, RCTScrollView, AuBECSDebitForm, RCTVirtualText, AndroidSwipeRefreshLayout, RCTRawText, RNGestureHandlerRootView, AIRMapOverlay, RNCAndroidDropdownPicker]")
07-20 00:50:44.786 14662 14700 E unknown:ReactHost: 	at com.facebook.react.runtime.ReactHostImpl.raiseSoftException(ReactHostImpl.java:942)
07-20 00:50:44.786 14662 14700 E unknown:ReactHost: 	at com.facebook.react.runtime.ReactHostImpl.getOrCreateDestroyTask(ReactHostImpl.java:1575)
07-20 00:50:44.786 14662 14700 E unknown:ReactHost: 	at com.facebook.react.runtime.ReactHostImpl.lambda$destroy$7(ReactHostImpl.java:541)
07-20 00:50:44.786 14662 14700 E unknown:ReactHost: 	at com.facebook.react.runtime.ReactHostImpl.$r8$lambda$uso21_D6dCZdcf-JomVD56kdG4c(Unknown Source:0)
07-20 00:50:44.786 14662 14700 E unknown:ReactHost: 	at com.facebook.react.runtime.ReactHostImpl$$ExternalSyntheticLambda37.call(D8$$SyntheticClass:0)
07-20 00:50:44.786 14662 14700 E unknown:ReactHost: 	at com.facebook.react.runtime.internal.bolts.Task$2.run(Task.java:240)
07-20 00:50:44.786 14662 14700 E unknown:ReactHost: 	at java.util.concurrent.ThreadPoolExecutor.runWorker(ThreadPoolExecutor.java:1156)
07-20 00:50:44.786 14662 14700 E unknown:ReactHost: 	at java.util.concurrent.ThreadPoolExecutor$Worker.run(ThreadPoolExecutor.java:651)
07-20 00:50:44.786 14662 14700 E unknown:ReactHost: 	at java.lang.Thread.run(Thread.java:1117)
