07-20 00:50:44.786 14662 14700 E unknown:ReactHost: Caused by: com.facebook.react.uimanager.IllegalViewOperationException: ViewManagerResolver returned null for either RNSVGPath or RCTRNSVGPath, existing names are: [RCTSafeAreaView, RNSScreenContainer, AndroidProgressBar, AIRMapCircle, RNCSafeAreaView, RNSScreen, AndroidSwitch, RNCSafeAreaProvider, RNSSearchBar, RNGestureHandlerButton, AIRMapGradientPolyline, RNSScreenStackHeaderConfig, UnimplementedNativeView, GooglePayButton, AIRMapPolygon, AndroidDrawerLayout, RNSScreenStackHeaderSubview, RNCAndroidDialogPicker, AndroidTextInput, AddToWalletButton, AIRMapUrlTile, CardForm, RNSScreenFooter, AIRMap, StripeContainer, AIRMapMarker, AIRMapLocalTile, RNSModalScreen, AndroidHorizontalScrollView, AIRMapPolyline, RCTText, AndroidHorizontalScrollContentView, RCTView, CardField, RNSScreenStack, AIRMapCallout, AddressSheetView, RCTModalHostView, AIRMapHeatmap, RNDatePicker, RCTTextInlineImage, RNCWebView, AIRMapWMSTile, RCTImageView, RNSScreenContentWrapper, RCTScrollView, AuBECSDebitForm, RCTVirtualText, AndroidSwipeRefreshLayout, RCTRawText, RNGestureHandlerRootView, AIRMapOverlay, RNCAndroidDropdownPicker]
07-20 00:50:44.786 14662 14700 E unknown:ReactHost: 	at com.facebook.react.uimanager.ViewManagerRegistry.get(ViewManagerRegistry.java:83)
07-20 00:50:44.786 14662 14700 E unknown:ReactHost: 	at com.facebook.react.fabric.mounting.SurfaceMountingManager.createViewUnsafe(SurfaceMountingManager.java:676)
07-20 00:50:44.786 14662 14700 E unknown:ReactHost: 	at com.facebook.react.fabric.mounting.SurfaceMountingManager.preallocateView(SurfaceMountingManager.java:1086)
07-20 00:50:44.786 14662 14700 E unknown:ReactHost: 	at com.facebook.react.fabric.mounting.mountitems.PreAllocateViewMountItem.execute(PreAllocateViewMountItem.java:63)
07-20 00:50:44.786 14662 14700 E unknown:ReactHost: 	at com.facebook.react.fabric.mounting.MountItemDispatcher.executeOrEnqueue(MountItemDispatcher.java:387)
07-20 00:50:44.786 14662 14700 E unknown:ReactHost: 	at com.facebook.react.fabric.mounting.MountItemDispatcher.dispatchMountItems(MountItemDispatcher.java:274)
07-20 00:50:44.786 14662 14700 E unknown:ReactHost: 	at com.facebook.react.fabric.mounting.MountItemDispatcher.tryDispatchMountItems(MountItemDispatcher.java:126)
07-20 00:50:44.786 14662 14700 E unknown:ReactHost: 	at com.facebook.react.fabric.FabricUIManager$DispatchUIFrameCallback.doFrameGuarded(FabricUIManager.java:1399)
07-20 00:50:44.786 14662 14700 E unknown:ReactHost: 	at com.facebook.react.fabric.GuardedFrameCallback.doFrame(GuardedFrameCallback.kt:22)
07-20 00:50:44.786 14662 14700 E unknown:ReactHost: 	at com.facebook.react.modules.core.ReactChoreographer.frameCallback$lambda$1(ReactChoreographer.kt:60)
07-20 00:50:44.786 14662 14700 E unknown:ReactHost: 	at com.facebook.react.modules.core.ReactChoreographer.$r8$lambda$nSkFhrr5T7rop_XKwzlLov4NLLw(Unknown Source:0)
07-20 00:50:44.786 14662 14700 E unknown:ReactHost: 	at com.facebook.react.modules.core.ReactChoreographer$$ExternalSyntheticLambda0.doFrame(D8$$SyntheticClass:0)
07-20 00:50:44.786 14662 14700 E unknown:ReactHost: 	at android.view.Choreographer$CallbackRecord.run(Choreographer.java:1564)
07-20 00:50:44.786 14662 14700 E unknown:ReactHost: 	at android.view.Choreographer$CallbackRecord.run(Choreographer.java:1575)
07-20 00:50:44.786 14662 14700 E unknown:ReactHost: 	at android.view.Choreographer.doCallbacks(Choreographer.java:1175)
07-20 00:50:44.786 14662 14700 E unknown:ReactHost: 	at android.view.Choreographer.doFrame(Choreographer.java:1100)
07-20 00:50:44.786 14662 14700 E unknown:ReactHost: 	at android.view.Choreographer$FrameDisplayEventReceiver.run(Choreographer.java:1549)
07-20 00:50:44.786 14662 14700 E unknown:ReactHost: 	at android.os.Handler.handleCallback(Handler.java:991)
07-20 00:50:44.786 14662 14700 E unknown:ReactHost: 	at android.os.Handler.dispatchMessage(Handler.java:102)
07-20 00:50:44.786 14662 14700 E unknown:ReactHost: 	at android.os.Looper.loopOnce(Looper.java:232)
07-20 00:50:44.786 14662 14700 E unknown:ReactHost: 	at android.os.Looper.loop(Looper.java:317)
07-20 00:50:44.786 14662 14700 E unknown:ReactHost: 	at android.app.ActivityThread.main(ActivityThread.java:8875)
07-20 00:50:44.786 14662 14700 E unknown:ReactHost: 	at java.lang.reflect.Method.invoke(Native Method)
07-20 00:50:44.786 14662 14700 E unknown:ReactHost: 	at com.android.internal.os.RuntimeInit$MethodAndArgsCaller.run(RuntimeInit.java:591)
07-20 00:50:44.786 14662 14700 E unknown:ReactHost: 	at com.android.internal.os.ZygoteInit.main(ZygoteInit.java:891)
07-20 00:50:44.793 14662 14662 W unknown:FabricUIManager: Not flushing pending UI operations: exception was previously thrown
07-20 00:50:44.794 14662 14662 W unknown:BridgelessReact: ReactHost{0}.getOrCreateDestroyTask(): Starting React Native destruction
07-20 00:50:44.795 14662 14662 W unknown:BridgelessReact: ReactHost{0}.getOrCreateDestroyTask(): Move ReactHost to onHostDestroy()
07-20 00:50:44.796 14662 14662 W unknown:BridgelessReact: ReactContext.onHostPause()
07-20 00:50:44.797 14662 14662 E unknown:ReactNative: Tried to remove non-existent frame callback
07-20 00:50:44.797 14662 14662 W unknown:BridgelessReact: ReactContext.onHostDestroy()
07-20 00:50:44.848 14662 14662 E unknown:ReactNative: Tried to remove non-existent frame callback
07-20 00:50:44.848 14662 14662 W WindowOnBackDispatcher: sendCancelIfRunning: isInProgress=false callback=android.view.ViewRootImpl$$ExternalSyntheticLambda13@d26ccee
07-20 00:50:44.855 14662 14700 W unknown:BridgelessReact: ReactHost{0}.getOrCreateDestroyTask(): Stopping all React Native surfaces
07-20 00:50:44.856 14662 14700 E unknown:SurfaceMountingManager: Stopping surface [11]
07-20 00:50:44.857 14662 14662 I ReactNative: [GESTURE HANDLER] Tearing down gesture handler registered for root view com.facebook.react.runtime.ReactSurfaceView{655609e V.E...... ........ 0,0-1080,2216 #b}
07-20 00:50:44.859 14662 14662 E unknown:SurfaceMountingManager: Surface [11] was stopped on SurfaceMountingManager.
07-20 00:50:44.860 14662 14700 W [RNScreens]: Did not find view with tag 528.
07-20 00:50:44.865 14662 14702 W unknown:ReactNative: StatusBarModule: Ignored status bar change, current activity is null.
07-20 00:50:44.866 14662 14702 W unknown:ReactNative: StatusBarModule: Ignored status bar change, current activity is null.
07-20 00:50:44.892   653   823 I ImeTracker: com.k0m0d0.alliance_logistique:b1b9fd75: onRequestHide at ORIGIN_SERVER reason HIDE_UNSPECIFIED_WINDOW fromUser false
07-20 00:50:44.892 14662 14662 W unknown:BridgelessReact: ReactHost{0}.getOrCreateDestroyTask(): Destroying MemoryPressureRouter
07-20 00:50:44.892 14662 14662 W unknown:BridgelessReact: ReactHost{0}.getOrCreateDestroyTask(): Resetting ReactContext ref
07-20 00:50:44.893 14662 14662 W unknown:BridgelessReact: ReactHost{0}.getOrCreateDestroyTask(): Destroying ReactContext
07-20 00:50:44.895 11834 11834 I GoogleInputMethodService: GoogleInputMethodService.onFinishInput():3095 
07-20 00:50:44.896 14662 14700 W unknown:BridgelessReact: ReactHost{0}.getOrCreateDestroyTask(): Resetting ReactInstance ptr
07-20 00:50:44.896 14662 14700 W unknown:BridgelessReact: ReactHost{0}.getOrCreateDestroyTask(): Destroying ReactInstance
07-20 00:50:44.901 11834 11834 I GoogleInputMethodService: GoogleInputMethodService.updateDeviceLockedStatus():2167 repeatCheckTimes = 0, locked = false
07-20 00:50:44.901 11834 11834 I GoogleInputMethodService: GoogleInputMethodService.onStartInput():1911 onStartInput(EditorInfo{EditorInfo{packageName=com.k0m0d0.alliance_logistique, inputType=0, inputTypeString=NULL, enableLearning=false, autoCorrection=false, autoComplete=false, imeOptions=0, privateImeOptions=null, actionName=UNSPECIFIED, actionLabel=null, initialSelStart=-1, initialSelEnd=-1, initialCapsMode=0, label=null, fieldId=0, fieldName=null, extras=null, hintText=null, hintLocales=[]}}, false)
07-20 00:50:44.902 11834 11834 I GoogleInputMethodService: GoogleInputMethodService.updateDeviceLockedStatus():2167 repeatCheckTimes = 1, locked = false
07-20 00:50:44.903 11834 11834 I AndroidIME: InputBundleManager.loadActiveInputBundleId():450 loadActiveInputBundleId: und-Latn-x-password, password
07-20 00:50:44.913   653  1938 W PackageConfigPersister: App-specific configuration not found for packageName: com.k0m0d0.alliance_logistique and userId: 0
07-20 00:50:44.918 11834 11834 I StylusModule: StylusModule.onUpdateToolType():803 Update tool type = 2
07-20 00:50:44.918 14662 14700 I ExpoModulesCore: Ô£à ModuleRegistry was destroyed
07-20 00:50:44.920 14662 14700 I ExpoModulesCore: Ô£à AppContext was destroyed
07-20 00:50:44.921 11834 11834 I StylusEducationPopupDialog: StylusEducationPopupDialog.onEditorTappedWithStylus():71 Schedule to show first time education
07-20 00:50:44.922 11834 11834 I ImeTracker: com.google.android.inputmethod.latin:b1111e9a: onRequestShow at ORIGIN_IME reason SHOW_SOFT_INPUT_LEGACY_DIRECT fromUser false
07-20 00:50:44.922 14662 14700 I ExpoModulesCore: Ô£à KotlinInteropModuleRegistry was destroyed
07-20 00:50:44.923 14662 14700 W unknown:ReactNative: Tried to enqueue runnable on already finished thread: 'v_native... dropping Runnable.
07-20 00:50:44.924 14662 14700 W unknown:ReactNative: Tried to enqueue runnable on already finished thread: 'v_native... dropping Runnable.
07-20 00:50:44.925 11834 11834 I GoogleInputMethodService: GoogleInputMethodService.onStartInputView():2021 onStartInputView(EditorInfo{EditorInfo{packageName=com.k0m0d0.alliance_logistique, inputType=0, inputTypeString=NULL, enableLearning=false, autoCorrection=false, autoComplete=false, imeOptions=0, privateImeOptions=null, actionName=UNSPECIFIED, actionLabel=null, initialSelStart=-1, initialSelEnd=-1, initialCapsMode=0, label=null, fieldId=0, fieldName=null, extras=null, hintText=null, hintLocales=[]}}, false)
07-20 00:50:44.929 11834 11834 I GoogleInputMethodService: GoogleInputMethodService.updateDeviceLockedStatus():2167 repeatCheckTimes = 1, locked = false
07-20 00:50:44.932 14662 14700 E unknown:ReactNative: Tried to remove non-existent frame callback
07-20 00:50:44.933 14662 14700 W ReactNativeJNI: Scheduler::~Scheduler() was called (address: 0x77aeffb2c670).
07-20 00:50:44.933 14662 14700 W unknown:ReactNative: Tried to enqueue runnable on already finished thread: 'v_native... dropping Runnable.
07-20 00:50:44.933 14662 14700 W unknown:ReactNative: Tried to enqueue runnable on already finished thread: 'v_native... dropping Runnable.
07-20 00:50:44.934 14662 14700 W unknown:ReactNative: Tried to enqueue runnable on already finished thread: 'v_native... dropping Runnable.
07-20 00:50:44.934 14662 14700 W unknown:ReactNative: Tried to enqueue runnable on already finished thread: 'v_native... dropping Runnable.
07-20 00:50:44.934 14662 14700 W unknown:ReactNative: Tried to enqueue runnable on already finished thread: 'v_native... dropping Runnable.
07-20 00:50:44.934 14662 14700 W unknown:ReactNative: Tried to enqueue runnable on already finished thread: 'v_native... dropping Runnable.
07-20 00:50:44.934 14662 14700 W unknown:ReactNative: Tried to enqueue runnable on already finished thread: 'v_native... dropping Runnable.
07-20 00:50:44.934 11834 11834 I InputContextChangeTracker: InputContextChangeTracker.fixLyingSelectionRangeFromSurroundingText():1620 fixLyingSelectionRangeFromSurroundingText(): [-1, -1]([-1, -1]) -> [0, 0]([0, 0])
07-20 00:50:44.934 14662 14700 W unknown:ReactNative: Tried to enqueue runnable on already finished thread: 'v_native... dropping Runnable.
07-20 00:50:44.934 14662 14700 W unknown:ReactNative: Tried to enqueue runnable on already finished thread: 'v_native... dropping Runnable.
07-20 00:50:44.934 14662 14700 W unknown:ReactNative: Tried to enqueue runnable on already finished thread: 'v_native... dropping Runnable.
07-20 00:50:44.935 14662 14700 W unknown:ReactNative: Tried to enqueue runnable on already finished thread: 'v_native... dropping Runnable.
07-20 00:50:44.935 14662 14700 W unknown:ReactNative: Tried to enqueue runnable on already finished thread: 'v_native... dropping Runnable.
07-20 00:50:44.935 11834 11834 I KeyboardHeightUtil: KeyboardHeightUtil.getOemKeyboardHeightRatio():175 systemKeyboardHeightRatio:1.000000.
07-20 00:50:44.936 11834 11834 I AndroidIME: AbstractIme.onActivate():90 PasswordIme.onActivate() : EditorInfo = EditorInfo{packageName=com.k0m0d0.alliance_logistique, inputType=0, inputTypeString=NULL, enableLearning=false, autoCorrection=false, autoComplete=false, imeOptions=0, privateImeOptions=null, actionName=UNSPECIFIED, actionLabel=null, initialSelStart=-1, initialSelEnd=-1, initialCapsMode=0, label=null, fieldId=0, fieldName=null, extras=null, hintText=null, hintLocales=[]}, IncognitoMode = false, DeviceLocked = false
07-20 00:50:44.936 14662 14700 W unknown:ReactNative: Tried to enqueue runnable on already finished thread: 'v_native... dropping Runnable.
07-20 00:50:44.936 14662 14700 W unknown:ReactNative: Tried to enqueue runnable on already finished thread: 'v_native... dropping Runnable.
07-20 00:50:44.937 14662 14700 W unknown:ReactNative: Tried to enqueue runnable on already finished thread: 'v_native... dropping Runnable.
07-20 00:50:44.937 11834 11834 I KeyboardWrapper: KeyboardWrapper.activateKeyboard():587 activateKeyboard(): type=accessory, status=0, imeDef=koo{stringId=password, language=und-Latn-x-password, languageTag=und-Latn-x-password, processedConditions={variant=qwerty, enable_number_row=false, device=phone}, className=com.google.android.libraries.inputmethod.ime.password.PasswordIme, label=2132018826, keyEventInterpreter=null, inlineComposing=true, autoCapital=true, announceAutoSelectedCandidate=true, statusIcon=0, primeKeyboardType=SOFT, indicatorIcon=0, indicatorLabel=null, displayAppCompletions=false, extraValues=kog{}, processors=kqg@305be21, unacceptableMetaKeys=4098, languageSpecificSettings=0, asciiCapable=false, alwaysShowSuggestions=false, useAsciiPasswordKeyboard=false, secondaryIme=null, keyboardGroupDef=kpo@7e63246, phenotypeFlagId=0, localizationLanguageTag=null, supportsInlineSuggestion=false}
07-20 00:50:44.937 11834 11834 I KeyboardManager: KeyboardManager.requestKeyboard():234 Creating keyboard accessory, imeId=password, cacheKey=theme_border_keyboard_mode_screen_size_5_5_keyboard_mode_screen_width_middle_floating_keyboard2_stylesheet_noshadow_reordertheme_gsans_silkpopup_unifycolor_googlefontsicons_light_phone_bottom4dp
07-20 00:50:44.937 14662 14700 W ReactNativeJNI: UIManagerBinding::~UIManagerBinding() was called (address: 0x77aeffb2a5c8).
07-20 00:50:44.938 11834 11834 I KeyboardWrapper: KeyboardWrapper.onKeyboardReady():250 onKeyboardReady(): type=accessory(accessory), kb=com.google.android.libraries.inputmethod.keyboard.impl.Keyboard@91063b
07-20 00:50:44.938 11834 11834 I KeyboardWrapper: KeyboardWrapper.doActivateKeyboard():618 doActivateKeyboard(): accessory
07-20 00:50:44.939 14662 14700 W unknown:ReactNative: Tried to enqueue runnable on already finished thread: 'v_native... dropping Runnable.
07-20 00:50:44.939 14662 14700 W unknown:ReactNative: Tried to enqueue runnable on already finished thread: 'v_native... dropping Runnable.
07-20 00:50:44.939 11834 11834 W Keyboard: Keyboard.getKeyboardViewHelper():598 null helper is returned: keyboardDef=kpj{processedConditions={}, globalConditions={}, className=com.google.android.libraries.inputmethod.keyboard.impl.Keyboard, resourceIds=[#0x7f170041], initialStates=0, keyboardViewDefs=[], persistentStates=0, persistentStatesPrefKey=null, popupBubbleLayoutId=0, recentKeyLayoutId=0, recentKeyPopupLayoutId=0, recentKeyType=null, rememberRecentKey=NONE, sessionStates=0}, type=HEADER, helpersCreated=[null, null, null, null], context.getResources().getConfiguration(): {1.0 ?mcc0mnc [en_US] ldltr sw411dp w411dp h914dp 420dpi nrml long port finger qwerty/v/v dpad/v winConfig={ mBounds=Rect(0, 0 - 1080, 2400) mAppBounds=Rect(0, 0 - 1080, 2400) mMaxBounds=Rect(0, 0 - 1080, 2400) mDisplayRotation=ROTATION_0 mWindowingMode=fullscreen mActivityType=undefined mAlwaysOnTop=undefined mRotation=ROTATION_0} as.4 s.24 fontWeightAdjustment=0}
07-20 00:50:44.939 14662 14700 W unknown:ReactNative: Tried to enqueue runnable on already finished thread: 'v_native... dropping Runnable.
07-20 00:50:44.940 11834 11834 I PopupKeyboardViewHolderProvider: PopupKeyboardViewHolderProvider.hide():93 hiding popup floating keyboard 6686311
07-20 00:50:44.940 14662 14700 W unknown:ReactNative: Tried to enqueue runnable on already finished thread: 'v_native... dropping Runnable.
07-20 00:50:44.940 14662 14700 W unknown:ReactNative: Tried to enqueue runnable on already finished thread: 'v_native... dropping Runnable.
07-20 00:50:44.940 14662 14700 W unknown:ReactNative: Tried to enqueue runnable on already finished thread: 'v_native... dropping Runnable.
07-20 00:50:44.940 14662 14700 W unknown:ReactNative: Tried to enqueue runnable on already finished thread: 'v_native... dropping Runnable.
07-20 00:50:44.940 11834 11834 W Keyboard: Keyboard.getKeyboardViewHelper():598 null helper is returned: keyboardDef=kpj{processedConditions={}, globalConditions={}, className=com.google.android.libraries.inputmethod.keyboard.impl.Keyboard, resourceIds=[#0x7f170041], initialStates=0, keyboardViewDefs=[], persistentStates=0, persistentStatesPrefKey=null, popupBubbleLayoutId=0, recentKeyLayoutId=0, recentKeyPopupLayoutId=0, recentKeyType=null, rememberRecentKey=NONE, sessionStates=0}, type=BODY, helpersCreated=[null, null, null, null], context.getResources().getConfiguration(): {1.0 ?mcc0mnc [en_US] ldltr sw411dp w411dp h914dp 420dpi nrml long port finger qwerty/v/v dpad/v winConfig={ mBounds=Rect(0, 0 - 1080, 2400) mAppBounds=Rect(0, 0 - 1080, 2400) mMaxBounds=Rect(0, 0 - 1080, 2400) mDisplayRotation=ROTATION_0 mWindowingMode=fullscreen mActivityType=undefined mAlwaysOnTop=undefined mRotation=ROTATION_0} as.4 s.24 fontWeightAdjustment=0}
07-20 00:50:44.940 11834 11834 I PopupKeyboardViewHolderProvider: PopupKeyboardViewHolderProvider.hide():93 hiding popup floating keyboard 6686311
07-20 00:50:44.940 11834 11834 W Keyboard: Keyboard.getKeyboardViewHelper():598 null helper is returned: keyboardDef=kpj{processedConditions={}, globalConditions={}, className=com.google.android.libraries.inputmethod.keyboard.impl.Keyboard, resourceIds=[#0x7f170041], initialStates=0, keyboardViewDefs=[], persistentStates=0, persistentStatesPrefKey=null, popupBubbleLayoutId=0, recentKeyLayoutId=0, recentKeyPopupLayoutId=0, recentKeyType=null, rememberRecentKey=NONE, sessionStates=0}, type=HEADER, helpersCreated=[null, null, null, null], context.getResources().getConfiguration(): {1.0 ?mcc0mnc [en_US] ldltr sw411dp w411dp h914dp 420dpi nrml long port finger qwerty/v/v dpad/v winConfig={ mBounds=Rect(0, 0 - 1080, 2400) mAppBounds=Rect(0, 0 - 1080, 2400) mMaxBounds=Rect(0, 0 - 1080, 2400) mDisplayRotation=ROTATION_0 mWindowingMode=fullscreen mActivityType=undefined mAlwaysOnTop=undefined mRotation=ROTATION_0} as.4 s.24 fontWeightAdjustment=0}
07-20 00:50:44.940 11834 11834 I PopupKeyboardViewHolderProvider: PopupKeyboardViewHolderProvider.hide():93 hiding popup floating keyboard 6686311
07-20 00:50:44.940 11834 11834 W Keyboard: Keyboard.getKeyboardViewHelper():598 null helper is returned: keyboardDef=kpj{processedConditions={}, globalConditions={}, className=com.google.android.libraries.inputmethod.keyboard.impl.Keyboard, resourceIds=[#0x7f170041], initialStates=0, keyboardViewDefs=[], persistentStates=0, persistentStatesPrefKey=null, popupBubbleLayoutId=0, recentKeyLayoutId=0, recentKeyPopupLayoutId=0, recentKeyType=null, rememberRecentKey=NONE, sessionStates=0}, type=BODY, helpersCreated=[null, null, null, null], context.getResources().getConfiguration(): {1.0 ?mcc0mnc [en_US] ldltr sw411dp w411dp h914dp 420dpi nrml long port finger qwerty/v/v dpad/v winConfig={ mBounds=Rect(0, 0 - 1080, 2400) mAppBounds=Rect(0, 0 - 1080, 2400) mMaxBounds=Rect(0, 0 - 1080, 2400) mDisplayRotation=ROTATION_0 mWindowingMode=fullscreen mActivityType=undefined mAlwaysOnTop=undefined mRotation=ROTATION_0} as.4 s.24 fontWeightAdjustment=0}
07-20 00:50:44.940 11834 11834 I PopupKeyboardViewHolderProvider: PopupKeyboardViewHolderProvider.hide():93 hiding popup floating keyboard 6686311
07-20 00:50:44.940 11834 11834 W Keyboard: Keyboard.getKeyboardViewHelper():598 null helper is returned: keyboardDef=kpj{processedConditions={}, globalConditions={}, className=com.google.android.libraries.inputmethod.keyboard.impl.Keyboard, resourceIds=[#0x7f170041], initialStates=0, keyboardViewDefs=[], persistentStates=0, persistentStatesPrefKey=null, popupBubbleLayoutId=0, recentKeyLayoutId=0, recentKeyPopupLayoutId=0, recentKeyType=null, rememberRecentKey=NONE, sessionStates=0}, type=FLOATING_CANDIDATES, helpersCreated=[null, null, null, null], context.getResources().getConfiguration(): {1.0 ?mcc0mnc [en_US] ldltr sw411dp w411dp h914dp 420dpi nrml long port finger qwerty/v/v dpad/v winConfig={ mBounds=Rect(0, 0 - 1080, 2400) mAppBounds=Rect(0, 0 - 1080, 2400) mMaxBounds=Rect(0, 0 - 1080, 2400) mDisplayRotation=ROTATION_0 mWindowingMode=fullscreen mActivityType=undefined mAlwaysOnTop=undefined mRotation=ROTATION_0} as.4 s.24 fontWeightAdjustment=0}
07-20 00:50:44.940 11834 11834 I PopupKeyboardViewHolderProvider: PopupKeyboardViewHolderProvider.hide():93 hiding popup floating keyboard 6686311
07-20 00:50:44.942 11834 11834 W Keyboard: Keyboard.getKeyboardViewHelper():598 null helper is returned: keyboardDef=kpj{processedConditions={}, globalConditions={}, className=com.google.android.libraries.inputmethod.keyboard.impl.Keyboard, resourceIds=[#0x7f170041], initialStates=0, keyboardViewDefs=[], persistentStates=0, persistentStatesPrefKey=null, popupBubbleLayoutId=0, recentKeyLayoutId=0, recentKeyPopupLayoutId=0, recentKeyType=null, rememberRecentKey=NONE, sessionStates=0}, type=WIDGET, helpersCreated=[null, null, null, null], context.getResources().getConfiguration(): {1.0 ?mcc0mnc [en_US] ldltr sw411dp w411dp h914dp 420dpi nrml long port finger qwerty/v/v dpad/v winConfig={ mBounds=Rect(0, 0 - 1080, 2400) mAppBounds=Rect(0, 0 - 1080, 2400) mMaxBounds=Rect(0, 0 - 1080, 2400) mDisplayRotation=ROTATION_0 mWindowingMode=fullscreen mActivityType=undefined mAlwaysOnTop=undefined mRotation=ROTATION_0} as.4 s.24 fontWeightAdjustment=0}
07-20 00:50:44.942 11834 11834 I PopupKeyboardViewHolderProvider: PopupKeyboardViewHolderProvider.hide():93 hiding popup floating keyboard 6686311
07-20 00:50:44.943 11834 11834 I KeyboardManager: KeyboardManager.requestKeyboard():234 Creating keyboard accessory_candidates_consumer, imeId=password, cacheKey=theme_border_keyboard_mode_screen_size_5_5_keyboard_mode_screen_width_middle_floating_keyboard2_stylesheet_noshadow_reordertheme_gsans_silkpopup_unifycolor_googlefontsicons_light_phone_bottom4dp
07-20 00:50:44.944 11834 11834 W Keyboard: Keyboard.getKeyboardViewHelper():598 null helper is returned: keyboardDef=kpj{processedConditions={}, globalConditions={global_theme_key=theme_border_keyboard_mode_screen_size_5_5_keyboard_mode_screen_width_middle_floating_keyboard2_stylesheet_noshadow_reordertheme_gsans_silkpopup_unifycolor_googlefontsicons_light_phone_bottom4dp, global_locale=en_US, global_density_dpi=420, global_orientation=1}, className=.latin.keyboard.AccessoryKeyboard, resourceIds=[#0x7f170040], initialStates=0, keyboardViewDefs=[kpw{direction=null, id=#0x7f0b015e, isScalable=false, layoutId=#0x7f0e002c, type=FLOATING_CANDIDATES, touchable=true, defaultShow=false}], persistentStates=0, persistentStatesPrefKey=null, popupBubbleLayoutId=#0x7f0e05d6, recentKeyLayoutId=0, recentKeyPopupLayoutId=0, recentKeyType=null, rememberRecentKey=NONE, sessionStates=0}, type=HEADER, helpersCreated=[null, null, kby@6d2fd13, null], context.getResources().getConfiguration(): {1.0 ?mcc0mnc [en_US] ldltr sw411dp w411dp h914dp 420dpi nrml long port finger qwerty/v/v dpad/v winConfig={ mBounds=Rect(0, 0 - 1080, 2400) mAppBounds=Rect(0, 0 - 1080, 2400) mMaxBounds=Rect(0, 0 - 1080, 2400) mDisplayRotation=ROTATION_0 mWindowingMode=fullscreen mActivityType=undefined mAlwaysOnTop=undefined mRotation=ROTATION_0} as.4 s.24 fontWeightAdjustment=0}
07-20 00:50:44.944 11834 11834 W Keyboard: Keyboard.getKeyboardViewHelper():598 null helper is returned: keyboardDef=kpj{processedConditions={}, globalConditions={global_theme_key=theme_border_keyboard_mode_screen_size_5_5_keyboard_mode_screen_width_middle_floating_keyboard2_stylesheet_noshadow_reordertheme_gsans_silkpopup_unifycolor_googlefontsicons_light_phone_bottom4dp, global_locale=en_US, global_density_dpi=420, global_orientation=1}, className=.latin.keyboard.AccessoryKeyboard, resourceIds=[#0x7f170040], initialStates=0, keyboardViewDefs=[kpw{direction=null, id=#0x7f0b015e, isScalable=false, layoutId=#0x7f0e002c, type=FLOATING_CANDIDATES, touchable=true, defaultShow=false}], persistentStates=0, persistentStatesPrefKey=null, popupBubbleLayoutId=#0x7f0e05d6, recentKeyLayoutId=0, recentKeyPopupLayoutId=0, recentKeyType=null, rememberRecentKey=NONE, sessionStates=0}, type=BODY, helpersCreated=[null, null, kby@6d2fd13, null], context.getResources().getConfiguration(): {1.0 ?mcc0mnc [en_US] ldltr sw411dp w411dp h914dp 420dpi nrml long port finger qwerty/v/v dpad/v winConfig={ mBounds=Rect(0, 0 - 1080, 2400) mAppBounds=Rect(0, 0 - 1080, 2400) mMaxBounds=Rect(0, 0 - 1080, 2400) mDisplayRotation=ROTATION_0 mWindowingMode=fullscreen mActivityType=undefined mAlwaysOnTop=undefined mRotation=ROTATION_0} as.4 s.24 fontWeightAdjustment=0}
07-20 00:50:44.948 11834 11834 I GoogleInputMethodService: GoogleInputMethodService.startInputIfInputViewStarted():3614 startInputIfInputViewStarted(): ACCESSORY
07-20 00:50:44.952 14662 14700 W unknown:BridgelessReact: ReactHost{0}.getOrCreateDestroyTask(): Resetting createReactInstance task ref
07-20 00:50:44.952 14662 14700 W unknown:BridgelessReact: ReactHost{0}.getOrCreateDestroyTask(): Resetting start task ref
07-20 00:50:44.952 14662 14700 W unknown:BridgelessReact: ReactHost{0}.getOrCreateDestroyTask(): Resetting destroy task ref
07-20 00:50:44.956 11834 11834 I NewLanguagePromptExtension: NewLanguagePromptExtension.onActivate():184 Not activated NewLanguagePromptExtension: not a normal text input box.
07-20 00:50:44.958 11834 11834 I VoiceInputManagerWrapper: VoiceInputManagerWrapper.cancelShutdown():100 cancelShutdown()
07-20 00:50:44.958 11834 11834 I VoiceInputManagerWrapper: VoiceInputManagerWrapper.syncLanguagePacks():112 syncLanguagePacks()
07-20 00:50:44.961 11834 11834 I VoiceInputManager: VoiceInputManager.onKeyboardActivated():1027 onKeyboardActivated() [UD]
07-20 00:50:44.963 11834 12070 I SpeechFactory: SpeechRecognitionFactory.maybeScheduleAutoPackDownloadForFallback():161 maybeScheduleAutoPackDownloadForFallback()
07-20 00:50:44.963 11834 12070 I FallbackOnDeviceRecognitionProvider: FallbackOnDeviceRecognitionProvider.maybeScheduleAutoPackDownload():198 maybeScheduleAutoPackDownload() for language tag en-US
07-20 00:50:44.964 11834 11834 I AccessoryInputModeManager: AccessoryInputModeManager.onModeStarted():320 Accessory input mode started: STYLUS
07-20 00:50:44.966 11834 11834 I KeyboardViewHelper: KeyboardViewHelper.getView():178 Get view with height ratio:1.000000
07-20 00:50:44.966 11834 11834 W ExtensionWrapper: ExtensionWrapper.setAllowUpdateNavigationBarStyle():803 class idm is not activate
07-20 00:50:44.966 11834 11834 I WidgetViewShowingController: WidgetViewShowingController.showWidgetKeyboardInternal():505 Show companion widget
07-20 00:50:44.969 11834 11834 W ExtensionWrapper: ExtensionWrapper.setAllowUpdateNavigationBarStyle():803 class idm is not activate
07-20 00:50:44.969 11834 11834 I WidgetViewShowingPositionHandler: WidgetViewShowingPositionHandler.updateAvailableArea():194 update available area Rect(21, 142 - 1059, 2333)
07-20 00:50:44.980 11834 11834 I KeyboardModeManager: KeyboardModeManager.setSupportedKeyboardModes():1154 supportsSplitMode=true supportsOneHandedMode=true, needUpdateKeyboardMode=false
07-20 00:50:44.980 11834 11834 I KeyboardModeManager: KeyboardModeManager.setKeyboardMode():929 setKeyboardMode() newKeyboardMode=3, updatePreferences=false
07-20 00:50:44.980 11834 11834 W FloatingKeyboardModeData: FloatingKeyboardModeData.calculateFloatingKeyboardHeight():270 The keyboard height is not available!
07-20 00:50:44.981 11834 11834 E AndroidIME: AbstractPopupViewManager.movePopupView():337 popup view android.widget.FrameLayout{6686311 G.E...... ......ID 0,0-894,756 #7f0b026d app:id/0_resource_name_obfuscated aid=169} is not shown!
07-20 00:50:44.981 11834 11834 I ResizableKeyboardModeController: ResizableKeyboardModeController.getKeyboardBottomOffset():228 currentPrimeKeyboardType:SOFT keyboardBottomOffset:0 navBarHeight:63 isInLandscape:false
07-20 00:50:44.982 11834 11834 E AndroidIME: AbstractPopupViewManager.movePopupView():337 popup view android.widget.FrameLayout{6686311 G.E...... ......ID 0,0-894,756 #7f0b026d app:id/0_resource_name_obfuscated aid=169} is not shown!
07-20 00:50:44.986 11834 11834 I VoiceImeExtension: VoiceImeExtension.shouldStartVoiceInputAutomaticallyInCurrentInputBox():402 No private IME option set to start voice input.
07-20 00:50:44.991 11834 11834 I GoogleInputMethodService: GoogleInputMethodService.onFinishInputView():2352 
07-20 00:50:44.992 11834 11834 I VoiceInputManagerWrapper: VoiceInputManagerWrapper.shutdown():122 shutdown()
07-20 00:50:44.992 11834 11834 W ExtensionWrapper: ExtensionWrapper.setAllowUpdateNavigationBarStyle():803 class idm is not activate
07-20 00:50:44.993 11834 11834 W ExtensionWrapper: ExtensionWrapper.setAllowUpdateNavigationBarStyle():803 class idm is not activate
07-20 00:50:44.994 11834 11834 W TooltipLifecycleManager: TooltipLifecycleManager.dismissTooltips():154 Tooltip with id spell_check_add_to_dictionary not found in tooltipManager.
07-20 00:50:44.994 11834 11834 I AndroidIME: AbstractIme.onDeactivate():203 PasswordIme.onDeactivate()
07-20 00:50:44.995 11834 11834 I StylusEducationPopupDialog: StylusEducationPopupDialog.cancelShowFirstTimeEducationFuture():118 First time education future cancelled
07-20 00:50:44.998   653  1938 I ImeTracker: com.google.android.inputmethod.latin:b1111e9a: onFailed at PHASE_WM_ABORT_SHOW_IME_POST_LAYOUT
07-20 00:50:44.999 11834 11834 I ImeTracker: com.k0m0d0.alliance_logistique:b1b9fd75: onHidden
07-20 00:50:45.000 14662 14662 W WindowOnBackDispatcher: sendCancelIfRunning: isInProgress=false callback=android.view.ImeBackAnimationController@848a847
07-20 00:50:45.007 11834 11834 I WindowMetricsNotification: WindowMetricsNotification.notifyWithWindow():175 
07-20 00:50:45.007 11834 11834 I WindowMetricsNotification: WindowMetricsNotification.notify():168 WindowMetricsNotification{bounds=Rect(0, 121 - 1080, 2400), insets=Rect(0, 0 - 0, 63), densityDpi=420, smallestScreenWidthDp=411, displayWidth=1080, displayHeight=2400, xdpi=420.0, ydpi=420.0, isTrustable=true, displayId=0}; DisplayMetrics{density=2.625, width=1080, height=2400, scaledDensity=2.625, xdpi=420.0, ydpi=420.0}
07-20 00:50:45.044 11834 11834 I GoogleInputMethodService: GoogleInputMethodService$1.onKeyboardViewShown():468 onKeyboardViewShown: keyboardType=accessory, keyboardViewType=HEADER keyboardView=null
07-20 00:50:45.044 11834 11834 I GoogleInputMethodService: GoogleInputMethodService$1.onKeyboardViewShown():468 onKeyboardViewShown: keyboardType=accessory, keyboardViewType=BODY keyboardView=null
07-20 00:50:45.046 11834 11834 I WindowMetricsNotification: WindowMetricsNotification.notifyWithWindow():175 
07-20 00:50:45.046 11834 11834 I WindowMetricsNotification: WindowMetricsNotification.notify():168 WindowMetricsNotification{bounds=Rect(0, 121 - 1080, 2400), insets=Rect(0, 0 - 0, 63), densityDpi=420, smallestScreenWidthDp=411, displayWidth=1080, displayHeight=2400, xdpi=420.0, ydpi=420.0, isTrustable=true, displayId=0}; DisplayMetrics{density=2.625, width=1080, height=2400, scaledDensity=2.625, xdpi=420.0, ydpi=420.0}
07-20 00:50:45.046 11834 11834 I WindowMetricsNotification: WindowMetricsNotification.notifyWithWindow():175 
07-20 00:50:45.046 11834 11834 I WindowMetricsNotification: WindowMetricsNotification.notify():168 WindowMetricsNotification{bounds=Rect(0, 121 - 1080, 2400), insets=Rect(0, 0 - 0, 63), densityDpi=420, smallestScreenWidthDp=411, displayWidth=1080, displayHeight=2400, xdpi=420.0, ydpi=420.0, isTrustable=true, displayId=0}; DisplayMetrics{density=2.625, width=1080, height=2400, scaledDensity=2.625, xdpi=420.0, ydpi=420.0}
07-20 00:50:45.046 11834 11834 I WindowMetricsNotification: WindowMetricsNotification.notifyWithWindow():175 
07-20 00:50:45.046 11834 11834 I WindowMetricsNotification: WindowMetricsNotification.notify():168 WindowMetricsNotification{bounds=Rect(0, 121 - 1080, 2400), insets=Rect(0, 0 - 0, 63), densityDpi=420, smallestScreenWidthDp=411, displayWidth=1080, displayHeight=2400, xdpi=420.0, ydpi=420.0, isTrustable=true, displayId=0}; DisplayMetrics{density=2.625, width=1080, height=2400, scaledDensity=2.625, xdpi=420.0, ydpi=420.0}
07-20 00:50:45.047 11834 11834 I WindowMetricsNotification: WindowMetricsNotification.notifyWithWindow():175 
07-20 00:50:45.047 11834 11834 I WindowMetricsNotification: WindowMetricsNotification.notify():168 WindowMetricsNotification{bounds=Rect(0, 121 - 1080, 2400), insets=Rect(0, 0 - 0, 63), densityDpi=420, smallestScreenWidthDp=411, displayWidth=1080, displayHeight=2400, xdpi=420.0, ydpi=420.0, isTrustable=true, displayId=0}; DisplayMetrics{density=2.625, width=1080, height=2400, scaledDensity=2.625, xdpi=420.0, ydpi=420.0}
07-20 00:50:45.047 11834 11834 I WindowMetricsNotification: WindowMetricsNotification.notifyWithWindow():175 
07-20 00:50:45.047 11834 11834 I WindowMetricsNotification: WindowMetricsNotification.notify():168 WindowMetricsNotification{bounds=Rect(0, 121 - 1080, 2400), insets=Rect(0, 0 - 0, 63), densityDpi=420, smallestScreenWidthDp=411, displayWidth=1080, displayHeight=2400, xdpi=420.0, ydpi=420.0, isTrustable=true, displayId=0}; DisplayMetrics{density=2.625, width=1080, height=2400, scaledDensity=2.625, xdpi=420.0, ydpi=420.0}
07-20 00:50:45.048 11834 11834 I WindowMetricsNotification: WindowMetricsNotification.notifyWithWindow():175 
07-20 00:50:45.049 11834 11834 I WindowMetricsNotification: WindowMetricsNotification.notify():168 WindowMetricsNotification{bounds=Rect(0, 121 - 1080, 2400), insets=Rect(0, 0 - 0, 63), densityDpi=420, smallestScreenWidthDp=411, displayWidth=1080, displayHeight=2400, xdpi=420.0, ydpi=420.0, isTrustable=true, displayId=0}; DisplayMetrics{density=2.625, width=1080, height=2400, scaledDensity=2.625, xdpi=420.0, ydpi=420.0}
07-20 00:50:45.050 11834 11834 I WindowMetricsNotification: WindowMetricsNotification.notifyWithWindow():175 
07-20 00:50:45.050 11834 11834 I WindowMetricsNotification: WindowMetricsNotification.notify():168 WindowMetricsNotification{bounds=Rect(0, 121 - 1080, 2400), insets=Rect(0, 0 - 0, 63), densityDpi=420, smallestScreenWidthDp=411, displayWidth=1080, displayHeight=2400, xdpi=420.0, ydpi=420.0, isTrustable=true, displayId=0}; DisplayMetrics{density=2.625, width=1080, height=2400, scaledDensity=2.625, xdpi=420.0, ydpi=420.0}
07-20 00:50:45.327   653  2388 W ServiceManagerCppClient: Waited one second for android.hardware.uwb.IUwb/default (is service started? Number of threads started in the threadpool: 32. Are binder threads started and available?)
07-20 00:50:45.336   166 14988 W libc    : Unable to set property "ctl.interface_start" to "aidl/android.hardware.uwb.IUwb/default": PROP_ERROR_HANDLE_CONTROL_MESSAGE (0x20)
07-20 00:50:45.569   653  1707 W ServiceManagerCppClient: Waited one second for android.hardware.uwb.IUwb/default (is service started? Number of threads started in the threadpool: 32. Are binder threads started and available?)
07-20 00:50:45.576   166 14989 W libc    : Unable to set property "ctl.interface_start" to "aidl/android.hardware.uwb.IUwb/default": PROP_ERROR_HANDLE_CONTROL_MESSAGE (0x20)
07-20 00:50:46.334   653  2388 W ServiceManagerCppClient: Waited one second for android.hardware.uwb.IUwb/default (is service started? Number of threads started in the threadpool: 32. Are binder threads started and available?)
07-20 00:50:46.339   166 14990 W libc    : Unable to set property "ctl.interface_start" to "aidl/android.hardware.uwb.IUwb/default": PROP_ERROR_HANDLE_CONTROL_MESSAGE (0x20)
07-20 00:50:46.574   653  1707 W ServiceManagerCppClient: Waited one second for android.hardware.uwb.IUwb/default (is service started? Number of threads started in the threadpool: 32. Are binder threads started and available?)
07-20 00:50:46.581   166 14991 W libc    : Unable to set property "ctl.interface_start" to "aidl/android.hardware.uwb.IUwb/default": PROP_ERROR_HANDLE_CONTROL_MESSAGE (0x20)
07-20 00:50:47.339   653  2388 W ServiceManagerCppClient: Waited one second for android.hardware.uwb.IUwb/default (is service started? Number of threads started in the threadpool: 32. Are binder threads started and available?)
07-20 00:50:47.344   166 14992 W libc    : Unable to set property "ctl.interface_start" to "aidl/android.hardware.uwb.IUwb/default": PROP_ERROR_HANDLE_CONTROL_MESSAGE (0x20)
07-20 00:50:47.579   653  1707 W ServiceManagerCppClient: Waited one second for android.hardware.uwb.IUwb/default (is service started? Number of threads started in the threadpool: 32. Are binder threads started and available?)
07-20 00:50:47.588   166 14993 W libc    : Unable to set property "ctl.interface_start" to "aidl/android.hardware.uwb.IUwb/default": PROP_ERROR_HANDLE_CONTROL_MESSAGE (0x20)
07-20 00:50:48.344   653  2388 W ServiceManagerCppClient: Waited one second for android.hardware.uwb.IUwb/default (is service started? Number of threads started in the threadpool: 32. Are binder threads started and available?)
07-20 00:50:48.350   166 14994 W libc    : Unable to set property "ctl.interface_start" to "aidl/android.hardware.uwb.IUwb/default": PROP_ERROR_HANDLE_CONTROL_MESSAGE (0x20)
07-20 00:50:48.584   653  1707 W ServiceManagerCppClient: Waited one second for android.hardware.uwb.IUwb/default (is service started? Number of threads started in the threadpool: 32. Are binder threads started and available?)
07-20 00:50:48.597   166 14995 W libc    : Unable to set property "ctl.interface_start" to "aidl/android.hardware.uwb.IUwb/default": PROP_ERROR_HANDLE_CONTROL_MESSAGE (0x20)
07-20 00:50:49.349   653  2388 W ServiceManagerCppClient: Waited one second for android.hardware.uwb.IUwb/default (is service started? Number of threads started in the threadpool: 32. Are binder threads started and available?)
07-20 00:50:49.361   166 14996 W libc    : Unable to set property "ctl.interface_start" to "aidl/android.hardware.uwb.IUwb/default": PROP_ERROR_HANDLE_CONTROL_MESSAGE (0x20)
07-20 00:50:49.595   653  1707 W ServiceManagerCppClient: Waited one second for android.hardware.uwb.IUwb/default (is service started? Number of threads started in the threadpool: 32. Are binder threads started and available?)
07-20 00:50:49.602   166 14997 W libc    : Unable to set property "ctl.interface_start" to "aidl/android.hardware.uwb.IUwb/default": PROP_ERROR_HANDLE_CONTROL_MESSAGE (0x20)
07-20 00:50:49.755  1235  1235 I vol.VolumeDialogImpl: mDialog.dismiss() reason: volume_controller from: com.android.systemui.volume.VolumeDialogImpl$7.onDismissRequested:3
07-20 00:50:49.759   483   483 I BpBinder: onLastStrongRef automatically unlinking death recipients: 
07-20 00:50:49.792  1235  1235 I vol.VolumeDialogImpl: mDialog.dismiss() reason: volume_controller from: com.android.systemui.volume.VolumeDialogImpl$7.onDismissRequested:3
07-20 00:50:49.836   483   572 I BpBinder: onLastStrongRef automatically unlinking death recipients: 
07-20 00:50:49.843   483   483 I BpBinder: onLastStrongRef automatically unlinking death recipients: 
07-20 00:50:49.854   653  1937 W UserManagerService: Requested status bar icon for non-badged user 0
07-20 00:50:49.861   653   689 W IPCThreadState: Sending oneway calls to frozen process.
07-20 00:50:49.861   653   689 W IPCThreadState: Sending oneway calls to frozen process.
07-20 00:50:49.861   653   689 W IPCThreadState: Sending oneway calls to frozen process.
07-20 00:50:49.861   653   689 W IPCThreadState: Sending oneway calls to frozen process.
07-20 00:50:49.862   653   689 W IPCThreadState: Sending oneway calls to frozen process.
07-20 00:50:49.862   653   689 W IPCThreadState: Sending oneway calls to frozen process.
07-20 00:50:49.863   653   689 W IPCThreadState: Sending oneway calls to frozen process.
07-20 00:50:49.864   653   689 W IPCThreadState: Sending oneway calls to frozen process.
07-20 00:50:49.867   653   689 W IPCThreadState: Sending oneway calls to frozen process.
07-20 00:50:49.867   653   689 W IPCThreadState: Sending oneway calls to frozen process.
07-20 00:50:49.868   653   689 W IPCThreadState: Sending oneway calls to frozen process.
07-20 00:50:49.868   653   689 W IPCThreadState: Sending oneway calls to frozen process.
07-20 00:50:49.868   653   689 W IPCThreadState: Sending oneway calls to frozen process.
07-20 00:50:49.868   653   689 W IPCThreadState: Sending oneway calls to frozen process.
07-20 00:50:49.868   653   689 W IPCThreadState: Sending oneway calls to frozen process.
07-20 00:50:49.869   653   689 W IPCThreadState: Sending oneway calls to frozen process.
07-20 00:50:49.869   653   689 W IPCThreadState: Sending oneway calls to frozen process.
07-20 00:50:49.869   653   689 W IPCThreadState: Sending oneway calls to frozen process.
07-20 00:50:49.869   653   689 W IPCThreadState: Sending oneway calls to frozen process.
07-20 00:50:49.869   653   689 W IPCThreadState: Sending oneway calls to frozen process.
07-20 00:50:49.869   653   689 W IPCThreadState: Sending oneway calls to frozen process.
07-20 00:50:49.869   653   689 W IPCThreadState: Sending oneway calls to frozen process.
07-20 00:50:49.870   653   689 W IPCThreadState: Sending oneway calls to frozen process.
07-20 00:50:49.870   653   689 W IPCThreadState: Sending oneway calls to frozen process.
07-20 00:50:49.870   653   689 W IPCThreadState: Sending oneway calls to frozen process.
07-20 00:50:49.870   653   689 W IPCThreadState: Sending oneway calls to frozen process.
07-20 00:50:49.873   653   689 W IPCThreadState: Sending oneway calls to frozen process.
07-20 00:50:49.873   653   689 W IPCThreadState: Sending oneway calls to frozen process.
07-20 00:50:49.873   653   689 W IPCThreadState: Sending oneway calls to frozen process.
07-20 00:50:49.873   653   689 W IPCThreadState: Sending oneway calls to frozen process.
07-20 00:50:49.874   653   689 W IPCThreadState: Sending oneway calls to frozen process.
07-20 00:50:49.875   653   689 W IPCThreadState: Sending oneway calls to frozen process.
07-20 00:50:49.875   653   689 W IPCThreadState: Sending oneway calls to frozen process.
07-20 00:50:49.875   653   689 W IPCThreadState: Sending oneway calls to frozen process.
07-20 00:50:49.876   653   689 W IPCThreadState: Sending oneway calls to frozen process.
07-20 00:50:49.876   653   689 W IPCThreadState: Sending oneway calls to frozen process.
07-20 00:50:49.876   653   689 W IPCThreadState: Sending oneway calls to frozen process.
07-20 00:50:49.880   653   689 W IPCThreadState: Sending oneway calls to frozen process.
07-20 00:50:49.880   653   689 W IPCThreadState: Sending oneway calls to frozen process.
07-20 00:50:49.882   653   689 W IPCThreadState: Sending oneway calls to frozen process.
07-20 00:50:49.882   653   689 W IPCThreadState: Sending oneway calls to frozen process.
07-20 00:50:49.882   653   689 W IPCThreadState: Sending oneway calls to frozen process.
07-20 00:50:49.882   653   689 W IPCThreadState: Sending oneway calls to frozen process.
07-20 00:50:49.883   653   689 W IPCThreadState: Sending oneway calls to frozen process.
07-20 00:50:49.883   653   689 W IPCThreadState: Sending oneway calls to frozen process.
07-20 00:50:49.885   653   689 W IPCThreadState: Sending oneway calls to frozen process.
07-20 00:50:49.885   653   689 W IPCThreadState: Sending oneway calls to frozen process.
07-20 00:50:49.886   653   689 W IPCThreadState: Sending oneway calls to frozen process.
07-20 00:50:49.943 14662 14662 W unknown:BridgelessReact: ReactHost{0}.raiseSoftException(onWindowFocusChange(hasFocus = "false")): Tried to access onWindowFocusChange while context is not ready
07-20 00:50:49.970 14662 14662 E unknown:ReactHost: Unhandled SoftException
07-20 00:50:49.970 14662 14662 E unknown:ReactHost: com.facebook.react.bridge.ReactNoCrashSoftException: raiseSoftException(onWindowFocusChange(hasFocus = "false")): Tried to access onWindowFocusChange while context is not ready
07-20 00:50:49.970 14662 14662 E unknown:ReactHost: 	at com.facebook.react.runtime.ReactHostImpl.raiseSoftException(ReactHostImpl.java:942)
07-20 00:50:49.970 14662 14662 E unknown:ReactHost: 	at com.facebook.react.runtime.ReactHostImpl.raiseSoftException(ReactHostImpl.java:935)
07-20 00:50:49.970 14662 14662 E unknown:ReactHost: 	at com.facebook.react.runtime.ReactHostImpl.onWindowFocusChange(ReactHostImpl.java:716)
07-20 00:50:49.970 14662 14662 E unknown:ReactHost: 	at com.facebook.react.ReactDelegate.onWindowFocusChanged(ReactDelegate.java:204)
07-20 00:50:49.970 14662 14662 E unknown:ReactHost: 	at com.facebook.react.ReactActivityDelegate.onWindowFocusChanged(ReactActivityDelegate.java:189)
07-20 00:50:49.970 14662 14662 E unknown:ReactHost: 	at expo.modules.ReactActivityDelegateWrapper.onWindowFocusChanged(ReactActivityDelegateWrapper.kt:298)
07-20 00:50:49.970 14662 14662 E unknown:ReactHost: 	at com.facebook.react.ReactActivity.onWindowFocusChanged(ReactActivity.java:138)
07-20 00:50:49.970 14662 14662 E unknown:ReactHost: 	at androidx.appcompat.view.WindowCallbackWrapper.onWindowFocusChanged(WindowCallbackWrapper.java:125)
07-20 00:50:49.970 14662 14662 E unknown:ReactHost: 	at com.android.internal.policy.DecorView.onWindowFocusChanged(DecorView.java:1813)
07-20 00:50:49.970 14662 14662 E unknown:ReactHost: 	at android.view.View.dispatchWindowFocusChanged(View.java:16918)
07-20 00:50:49.970 14662 14662 E unknown:ReactHost: 	at android.view.ViewGroup.dispatchWindowFocusChanged(ViewGroup.java:1529)
07-20 00:50:49.970 14662 14662 E unknown:ReactHost: 	at android.view.ViewRootImpl.dispatchFocusEvent(ViewRootImpl.java:4779)
07-20 00:50:49.970 14662 14662 E unknown:ReactHost: 	at android.view.ViewRootImpl.handleWindowFocusChanged(ViewRootImpl.java:4683)
07-20 00:50:49.970 14662 14662 E unknown:ReactHost: 	at android.view.ViewRootImpl.-$$Nest$mhandleWindowFocusChanged(Unknown Source:0)
07-20 00:50:49.970 14662 14662 E unknown:ReactHost: 	at android.view.ViewRootImpl$ViewRootHandler.handleMessageImpl(ViewRootImpl.java:6899)
07-20 00:50:49.970 14662 14662 E unknown:ReactHost: 	at android.view.ViewRootImpl$ViewRootHandler.handleMessage(ViewRootImpl.java:6809)
07-20 00:50:49.970 14662 14662 E unknown:ReactHost: 	at android.os.Handler.dispatchMessage(Handler.java:109)
07-20 00:50:49.970 14662 14662 E unknown:ReactHost: 	at android.os.Looper.loopOnce(Looper.java:232)
07-20 00:50:49.970 14662 14662 E unknown:ReactHost: 	at android.os.Looper.loop(Looper.java:317)
07-20 00:50:49.970 14662 14662 E unknown:ReactHost: 	at android.app.ActivityThread.main(ActivityThread.java:8875)
07-20 00:50:49.970 14662 14662 E unknown:ReactHost: 	at java.lang.reflect.Method.invoke(Native Method)
07-20 00:50:49.970 14662 14662 E unknown:ReactHost: 	at com.android.internal.os.RuntimeInit$MethodAndArgsCaller.run(RuntimeInit.java:591)
07-20 00:50:49.970 14662 14662 E unknown:ReactHost: 	at com.android.internal.os.ZygoteInit.main(ZygoteInit.java:891)
07-20 00:50:50.242   446   543 I RanchuHwc: logCompositionFallbackIfChanged: layer 105 CompositionType fallback from 2 to 1
07-20 00:50:50.242   446   543 I RanchuHwc: logCompositionFallbackIfChanged: layer 106 CompositionType fallback from 2 to 1
07-20 00:50:50.292  1510  1510 I AiAiSuggestUi: Clearing suggestions.
07-20 00:50:50.292  1510  1510 I AiAiSuggestUi: Requesting to show indicators
07-20 00:50:50.293  1510  1510 I AiAiSuggestUi: Fetching contents, isPrimaryTask = true
07-20 00:50:50.302  1879  2117 I AiAiEcho: Predicting[0]:  [CONTEXT sampling_count=5 ]
07-20 00:50:50.302  1879  2117 I AiAiEcho: EchoTargets: 
07-20 00:50:50.302  1879  2117 I AiAiEcho: Filtered by AiAi flag check: 
07-20 00:50:50.302  1879  2117 I AiAiEcho: [CONTEXT ratelimit_period="10 SECONDS" ]
07-20 00:50:50.302  1879  2117 I AiAiEcho: Ranked targets strategy: SORT, count: 0, ranking metadata:  [CONTEXT ratelimit_period="10 SECONDS" ]
07-20 00:50:50.302  1879  2117 I AiAiEcho: #remoteViewsTwiddler: feature disabled.
07-20 00:50:50.303  1879  2117 I AiAiEcho: #postPredictionTargets: Sending updates to UISurface home with targets# 0 (types=[])
07-20 00:50:50.336  1510  1510 I SsBaseTemplateCard: Secondary card pane is null
07-20 00:50:50.344  1510  2429 W HWUI    : Image decoding logging dropped!
07-20 00:50:50.360   653  2388 W ServiceManagerCppClient: Waited one second for android.hardware.uwb.IUwb/default (is service started? Number of threads started in the threadpool: 32. Are binder threads started and available?)
07-20 00:50:50.361   446   543 I RanchuHwc: logCompositionFallbackIfChanged: layer 107 CompositionType fallback from 2 to 1
07-20 00:50:50.388   166 15000 W libc    : Unable to set property "ctl.interface_start" to "aidl/android.hardware.uwb.IUwb/default": PROP_ERROR_HANDLE_CONTROL_MESSAGE (0x20)
07-20 00:50:50.394  1510  1519 I AiAiSuggestUi: Fetched content back in callback
07-20 00:50:50.418  1510  1510 I AiAiSuggestUi: Display indicators
07-20 00:50:50.527  1235  1249 I ndroid.systemui: NativeAlloc concurrent mark compact GC freed 8564KB AllocSpace bytes, 0(0B) LOS objects, 49% free, 17MB/35MB, paused 2.015ms,3.683ms total 263.479ms
